Component: ARM Compiler 5.06 update 4 (build 422) Tool: armlink [4d35d2]

==============================================================================

Section Cross References

    startup_xmc1100.o(STACK) refers (Special) to heapauxi.o(.text) for __use_two_region_memory
    startup_xmc1100.o(HEAP) refers (Special) to heapauxi.o(.text) for __use_two_region_memory
    startup_xmc1100.o(RESET) refers (Special) to heapauxi.o(.text) for __use_two_region_memory
    startup_xmc1100.o(RESET) refers to startup_xmc1100.o(STACK) for __initial_sp
    startup_xmc1100.o(RESET) refers to startup_xmc1100.o(.text) for Reset_Handler
    startup_xmc1100.o(.text) refers (Special) to heapauxi.o(.text) for __use_two_region_memory
    startup_xmc1100.o(.text) refers to startup_xmc1100.o(STACK) for __initial_sp
    startup_xmc1100.o(.text) refers to system_xmc1100.o(.text) for SystemInit
    startup_xmc1100.o(.text) refers to __main.o(!!!main) for __main
    startup_xmc1100.o(.text) refers to startup_xmc1100.o(HEAP) for Heap_Mem
    startup_xmc1100.o(.ARM.__at_0x20000000) refers (Special) to heapauxi.o(.text) for __use_two_region_memory
    startup_xmc1100.o(.ARM.__at_0x20000000) refers to startup_xmc1100.o(.text) for HardFault_Handler
    startup_xmc1100.o(.ARM.__at_0x20000000) refers to mcuinit.o(.text) for SysTick_Handler
    startup_xmc1100.o(.ARM.__at_0x20000000) refers to eru0.o(.text) for ERU0_0_IRQHandler
    startup_xmc1100.o(.ARM.__at_0x20000000) refers to uart.o(.text) for USIC0_2_IRQHandler
    startup_xmc1100.o(.ARM.__at_0x20000000) refers to timer.o(.text) for CCU40_0_IRQHandler
    system_xmc1100.o(.text) refers to startup_xmc1100.o(.text) for AllowClkInitByStartup
    system_xmc1100.o(.text) refers to aeabi_sdiv.o(.text) for __aeabi_uidivmod
    system_xmc1100.o(.text) refers to system_xmc1100.o(.data) for SystemCoreClock
    main_1.o(.text) refers to mcuinit.o(.text) for MCU_vInit
    main_1.o(.text) refers to 24cxx.o(.text) for AT24CXX_Init
    main_1.o(.text) refers to init.o(.text) for LCD_EE_Init
    main_1.o(.text) refers to ds18b20.o(.text) for DS18B20_Init
    main_1.o(.text) refers to wdt.o(.text) for WDT_vInit
    main_1.o(.text) refers to uart.o(.text) for DealLcdMsg
    main_1.o(.text) refers to datatanrsfer.o(.text) for send_speed_pack
    datatanrsfer.o(.text) refers to datatanrsfer.o(i.__ARM_common_switch8) for __ARM_common_switch8
    datatanrsfer.o(.text) refers to datatanrsfer.o(.bss) for USART_TX_BUF
    datatanrsfer.o(.text) refers to datatanrsfer.o(.data) for no_opera
    datatanrsfer.o(.text) refers to uart.o(.text) for U0C0_0_UART_SendData
    datatanrsfer.o(.text) refers to 24cxx.o(.text) for AT24CXX_Write
    datatanrsfer.o(.text) refers to aeabi_sdiv.o(.text) for __aeabi_idivmod
    datatanrsfer.o(.text) refers to uart.o(.data) for recev_start
    datatanrsfer.o(.text) refers to ds18b20.o(.text) for DS18B20_Get_Temp
    eru0.o(.text) refers to datatanrsfer.o(.text) for send_lcd_pack
    eru0.o(.text) refers to datatanrsfer.o(.data) for page_flag
    mcuinit.o(.text) refers to uart.o(.text) for UART_1_vInit
    mcuinit.o(.text) refers to system_xmc1100.o(.text) for SystemCoreClockUpdate
    mcuinit.o(.text) refers to timer.o(.text) for CCU4_Init
    mcuinit.o(.text) refers to eru0.o(.text) for ERU0_vInit
    mcuinit.o(.text) refers to gpio.o(.text) for GPIO
    uart.o(.text) refers to datatanrsfer.o(.bss) for USART_RX_BUF
    uart.o(.text) refers to uart.o(.data) for recev_end
    uart.o(.text) refers to datatanrsfer.o(.text) for manage_one_pack
    uart.o(.text) refers to datatanrsfer.o(.data) for i
    init.o(.text) refers to 24cxx.o(.text) for AT24CXX_Read
    init.o(.text) refers to datatanrsfer.o(.text) for send_lcd_pack
    init.o(.text) refers to init.o(.data) for Hand_Read_data
    init.o(.text) refers to init.o(.bss) for Auto_Read_data
    timer.o(.text) refers to uart.o(.data) for date1flag
    ds18b20.o(.text) refers to delay.o(.text) for delay_us
    ds18b20.o(.text) refers to dflti.o(.text) for __aeabi_i2d
    ds18b20.o(.text) refers to dmul.o(.text) for __aeabi_dmul
    ds18b20.o(.text) refers to dfixi.o(.text) for __aeabi_d2iz
    ds18b20.o(.text) refers to ds18b20.o(.data) for ds_text
    24cxx.o(.text) refers to myiic.o(.text) for IIC_Init
    24cxx.o(.text) refers to delay.o(.text) for delay_ms
    myiic.o(.text) refers to delay.o(.text) for delay_us
    myiic.o(.text) refers to myiic.o(.data) for num_addr
    __main.o(!!!main) refers to __rtentry.o(.ARM.Collect$$rtentry$$00000000) for __rt_entry
    dfixi.o(.text) refers (Special) to usenofp.o(x$fpl$usenofp) for __I$use$fp
    dflti.o(.text) refers (Special) to usenofp.o(x$fpl$usenofp) for __I$use$fp
    dmul.o(.text) refers (Special) to usenofp.o(x$fpl$usenofp) for __I$use$fp
    __rtentry.o(.ARM.Collect$$rtentry$$00000000) refers (Special) to __rtentry2.o(.ARM.Collect$$rtentry$$0000000A) for __rt_entry_li
    __rtentry.o(.ARM.Collect$$rtentry$$00000000) refers (Special) to __rtentry2.o(.ARM.Collect$$rtentry$$0000000D) for __rt_entry_main
    __rtentry.o(.ARM.Collect$$rtentry$$00000000) refers (Special) to __rtentry2.o(.ARM.Collect$$rtentry$$0000000C) for __rt_entry_postli_1
    __rtentry.o(.ARM.Collect$$rtentry$$00000000) refers (Special) to __rtentry2.o(.ARM.Collect$$rtentry$$00000009) for __rt_entry_postsh_1
    __rtentry.o(.ARM.Collect$$rtentry$$00000000) refers (Special) to __rtentry2.o(.ARM.Collect$$rtentry$$00000002) for __rt_entry_presh_1
    __rtentry.o(.ARM.Collect$$rtentry$$00000000) refers (Special) to __rtentry4.o(.ARM.Collect$$rtentry$$00000004) for __rt_entry_sh
    aeabi_idiv0_sigfpe.o(.text) refers to rt_div0.o(.text) for __rt_div0
    __rtentry2.o(.ARM.Collect$$rtentry$$00000008) refers to boardinit2.o(.text) for _platform_post_stackheap_init
    __rtentry2.o(.ARM.Collect$$rtentry$$0000000A) refers to libinit.o(.ARM.Collect$$libinit$$00000000) for __rt_lib_init
    __rtentry2.o(.ARM.Collect$$rtentry$$0000000B) refers to boardinit3.o(.text) for _platform_post_lib_init
    __rtentry2.o(.ARM.Collect$$rtentry$$0000000D) refers to main_1.o(.text) for main
    __rtentry2.o(.ARM.Collect$$rtentry$$0000000D) refers to exit.o(.text) for exit
    __rtentry2.o(.ARM.exidx) refers to __rtentry2.o(.ARM.Collect$$rtentry$$00000001) for .ARM.Collect$$rtentry$$00000001
    __rtentry2.o(.ARM.exidx) refers to __rtentry2.o(.ARM.Collect$$rtentry$$00000008) for .ARM.Collect$$rtentry$$00000008
    __rtentry2.o(.ARM.exidx) refers to __rtentry2.o(.ARM.Collect$$rtentry$$0000000A) for .ARM.Collect$$rtentry$$0000000A
    __rtentry2.o(.ARM.exidx) refers to __rtentry2.o(.ARM.Collect$$rtentry$$0000000B) for .ARM.Collect$$rtentry$$0000000B
    __rtentry2.o(.ARM.exidx) refers to __rtentry2.o(.ARM.Collect$$rtentry$$0000000D) for .ARM.Collect$$rtentry$$0000000D
    __rtentry4.o(.ARM.Collect$$rtentry$$00000004) refers to sys_stackheap_outer.o(.text) for __user_setup_stackheap
    __rtentry4.o(.ARM.exidx) refers to __rtentry4.o(.ARM.Collect$$rtentry$$00000004) for .ARM.Collect$$rtentry$$00000004
    rt_div0.o(.text) refers to defsig_fpe_outer.o(.text) for __rt_SIGFPE
    sys_stackheap_outer.o(.text) refers to libspace.o(.text) for __user_perproc_libspace
    sys_stackheap_outer.o(.text) refers to startup_xmc1100.o(.text) for __user_initial_stackheap
    sys_stackheap_outer.o(__vectab_stack_and_reset_area) refers to tempstk.o(.text) for __temporary_stack_top
    sys_stackheap_outer.o(__vectab_stack_and_reset_area) refers to __main.o(!!!main) for __main
    exit.o(.text) refers to rtexit.o(.ARM.Collect$$rtexit$$00000000) for __rt_exit
    defsig_fpe_outer.o(.text) refers to defsig_fpe_inner.o(.text) for __rt_SIGFPE_inner
    defsig_fpe_outer.o(.text) refers to defsig_exit.o(.text) for __sig_exit
    defsig_fpe_formal.o(.text) refers to rt_raise.o(.text) for __rt_raise
    libinit.o(.ARM.Collect$$libinit$$00000000) refers (Special) to libinit2.o(.ARM.Collect$$libinit$$0000002E) for __rt_lib_init_alloca_1
    libinit.o(.ARM.Collect$$libinit$$00000000) refers (Special) to libinit2.o(.ARM.Collect$$libinit$$0000002C) for __rt_lib_init_argv_1
    libinit.o(.ARM.Collect$$libinit$$00000000) refers (Special) to libinit2.o(.ARM.Collect$$libinit$$0000001B) for __rt_lib_init_atexit_1
    libinit.o(.ARM.Collect$$libinit$$00000000) refers (Special) to libinit2.o(.ARM.Collect$$libinit$$00000021) for __rt_lib_init_clock_1
    libinit.o(.ARM.Collect$$libinit$$00000000) refers (Special) to libinit2.o(.ARM.Collect$$libinit$$00000032) for __rt_lib_init_cpp_1
    libinit.o(.ARM.Collect$$libinit$$00000000) refers (Special) to libinit2.o(.ARM.Collect$$libinit$$00000030) for __rt_lib_init_exceptions_1
    libinit.o(.ARM.Collect$$libinit$$00000000) refers (Special) to libinit2.o(.ARM.Collect$$libinit$$00000002) for __rt_lib_init_fp_1
    libinit.o(.ARM.Collect$$libinit$$00000000) refers (Special) to libinit2.o(.ARM.Collect$$libinit$$0000001F) for __rt_lib_init_fp_trap_1
    libinit.o(.ARM.Collect$$libinit$$00000000) refers (Special) to libinit2.o(.ARM.Collect$$libinit$$00000023) for __rt_lib_init_getenv_1
    libinit.o(.ARM.Collect$$libinit$$00000000) refers (Special) to libinit2.o(.ARM.Collect$$libinit$$0000000A) for __rt_lib_init_heap_1
    libinit.o(.ARM.Collect$$libinit$$00000000) refers (Special) to libinit2.o(.ARM.Collect$$libinit$$00000011) for __rt_lib_init_lc_collate_1
    libinit.o(.ARM.Collect$$libinit$$00000000) refers (Special) to libinit2.o(.ARM.Collect$$libinit$$00000013) for __rt_lib_init_lc_ctype_1
    libinit.o(.ARM.Collect$$libinit$$00000000) refers (Special) to libinit2.o(.ARM.Collect$$libinit$$00000015) for __rt_lib_init_lc_monetary_1
    libinit.o(.ARM.Collect$$libinit$$00000000) refers (Special) to libinit2.o(.ARM.Collect$$libinit$$00000017) for __rt_lib_init_lc_numeric_1
    libinit.o(.ARM.Collect$$libinit$$00000000) refers (Special) to libinit2.o(.ARM.Collect$$libinit$$00000019) for __rt_lib_init_lc_time_1
    libinit.o(.ARM.Collect$$libinit$$00000000) refers (Special) to libinit2.o(.ARM.Collect$$libinit$$00000004) for __rt_lib_init_preinit_1
    libinit.o(.ARM.Collect$$libinit$$00000000) refers (Special) to libinit2.o(.ARM.Collect$$libinit$$0000000E) for __rt_lib_init_rand_1
    libinit.o(.ARM.Collect$$libinit$$00000000) refers (Special) to libinit2.o(.ARM.Collect$$libinit$$00000033) for __rt_lib_init_return
    libinit.o(.ARM.Collect$$libinit$$00000000) refers (Special) to libinit2.o(.ARM.Collect$$libinit$$0000001D) for __rt_lib_init_signal_1
    libinit.o(.ARM.Collect$$libinit$$00000000) refers (Special) to libinit2.o(.ARM.Collect$$libinit$$00000025) for __rt_lib_init_stdio_1
    libinit.o(.ARM.Collect$$libinit$$00000000) refers (Special) to libinit2.o(.ARM.Collect$$libinit$$0000000C) for __rt_lib_init_user_alloc_1
    libspace.o(.text) refers to libspace.o(.bss) for __libspace_start
    rtexit.o(.ARM.Collect$$rtexit$$00000000) refers (Special) to rtexit2.o(.ARM.Collect$$rtexit$$00000004) for __rt_exit_exit
    rtexit.o(.ARM.Collect$$rtexit$$00000000) refers (Special) to rtexit2.o(.ARM.Collect$$rtexit$$00000003) for __rt_exit_ls
    rtexit.o(.ARM.Collect$$rtexit$$00000000) refers (Special) to rtexit2.o(.ARM.Collect$$rtexit$$00000002) for __rt_exit_prels_1
    rtexit.o(.ARM.exidx) refers (Special) to rtexit2.o(.ARM.Collect$$rtexit$$00000004) for __rt_exit_exit
    rtexit.o(.ARM.exidx) refers (Special) to rtexit2.o(.ARM.Collect$$rtexit$$00000003) for __rt_exit_ls
    rtexit.o(.ARM.exidx) refers (Special) to rtexit2.o(.ARM.Collect$$rtexit$$00000002) for __rt_exit_prels_1
    rtexit.o(.ARM.exidx) refers to rtexit.o(.ARM.Collect$$rtexit$$00000000) for .ARM.Collect$$rtexit$$00000000
    rt_raise.o(.text) refers to __raise.o(.text) for __raise
    rt_raise.o(.text) refers to sys_exit.o(.text) for _sys_exit
    defsig_exit.o(.text) refers to sys_exit.o(.text) for _sys_exit
    defsig_fpe_inner.o(.text) refers to defsig_general.o(.text) for __default_signal_display
    libinit2.o(.ARM.Collect$$libinit$$00000010) refers to libinit2.o(.ARM.Collect$$libinit$$0000000F) for .ARM.Collect$$libinit$$0000000F
    libinit2.o(.ARM.Collect$$libinit$$00000012) refers to libinit2.o(.ARM.Collect$$libinit$$0000000F) for .ARM.Collect$$libinit$$0000000F
    libinit2.o(.ARM.Collect$$libinit$$00000014) refers to libinit2.o(.ARM.Collect$$libinit$$0000000F) for .ARM.Collect$$libinit$$0000000F
    libinit2.o(.ARM.Collect$$libinit$$00000016) refers to libinit2.o(.ARM.Collect$$libinit$$0000000F) for .ARM.Collect$$libinit$$0000000F
    libinit2.o(.ARM.Collect$$libinit$$00000018) refers to libinit2.o(.ARM.Collect$$libinit$$0000000F) for .ARM.Collect$$libinit$$0000000F
    libinit2.o(.ARM.Collect$$libinit$$00000026) refers to argv_veneer.o(.text) for __ARM_argv_veneer
    libinit2.o(.ARM.Collect$$libinit$$00000027) refers to argv_veneer.o(.text) for __ARM_argv_veneer
    sys_exit.o(.text) refers (Special) to use_no_semi.o(.text) for __I$use$semihosting
    sys_exit.o(.text) refers (Special) to indicate_semi.o(.text) for __semihosting_library_function
    rtexit2.o(.ARM.Collect$$rtexit$$00000003) refers to libshutdown.o(.ARM.Collect$$libshutdown$$00000000) for __rt_lib_shutdown
    rtexit2.o(.ARM.Collect$$rtexit$$00000004) refers to sys_exit.o(.text) for _sys_exit
    rtexit2.o(.ARM.exidx) refers to rtexit2.o(.ARM.Collect$$rtexit$$00000001) for .ARM.Collect$$rtexit$$00000001
    rtexit2.o(.ARM.exidx) refers to rtexit2.o(.ARM.Collect$$rtexit$$00000003) for .ARM.Collect$$rtexit$$00000003
    rtexit2.o(.ARM.exidx) refers to rtexit2.o(.ARM.Collect$$rtexit$$00000004) for .ARM.Collect$$rtexit$$00000004
    __raise.o(.text) refers to defsig.o(CL$$defsig) for __default_signal_handler
    defsig_general.o(.text) refers to sys_wrch.o(.text) for _ttywrch
    sys_wrch.o(.text) refers (Special) to use_no_semi.o(.text) for __I$use$semihosting
    sys_wrch.o(.text) refers (Special) to indicate_semi.o(.text) for __semihosting_library_function
    defsig.o(CL$$defsig) refers to defsig_fpe_inner.o(.text) for __rt_SIGFPE_inner
    defsig.o(CL$$defsig) refers to defsig_rtmem_inner.o(.text) for __rt_SIGRTMEM_inner
    _get_argv_nomalloc.o(.text) refers (Special) to hrguard.o(.text) for __heap_region$guard
    _get_argv_nomalloc.o(.text) refers to defsig_rtmem_outer.o(.text) for __rt_SIGRTMEM
    _get_argv_nomalloc.o(.text) refers to sys_command.o(.text) for _sys_command_string
    libshutdown.o(.ARM.Collect$$libshutdown$$00000000) refers (Special) to libshutdown2.o(.ARM.Collect$$libshutdown$$00000002) for __rt_lib_shutdown_cpp_1
    libshutdown.o(.ARM.Collect$$libshutdown$$00000000) refers (Special) to libshutdown2.o(.ARM.Collect$$libshutdown$$00000007) for __rt_lib_shutdown_fp_trap_1
    libshutdown.o(.ARM.Collect$$libshutdown$$00000000) refers (Special) to libshutdown2.o(.ARM.Collect$$libshutdown$$0000000F) for __rt_lib_shutdown_heap_1
    libshutdown.o(.ARM.Collect$$libshutdown$$00000000) refers (Special) to libshutdown2.o(.ARM.Collect$$libshutdown$$00000010) for __rt_lib_shutdown_return
    libshutdown.o(.ARM.Collect$$libshutdown$$00000000) refers (Special) to libshutdown2.o(.ARM.Collect$$libshutdown$$0000000A) for __rt_lib_shutdown_signal_1
    libshutdown.o(.ARM.Collect$$libshutdown$$00000000) refers (Special) to libshutdown2.o(.ARM.Collect$$libshutdown$$00000004) for __rt_lib_shutdown_stdio_1
    libshutdown.o(.ARM.Collect$$libshutdown$$00000000) refers (Special) to libshutdown2.o(.ARM.Collect$$libshutdown$$0000000C) for __rt_lib_shutdown_user_alloc_1
    sys_command.o(.text) refers (Special) to use_no_semi.o(.text) for __I$use$semihosting
    sys_command.o(.text) refers (Special) to indicate_semi.o(.text) for __semihosting_library_function
    defsig_abrt_inner.o(.text) refers to defsig_general.o(.text) for __default_signal_display
    defsig_rtred_inner.o(.text) refers to defsig_general.o(.text) for __default_signal_display
    defsig_rtmem_inner.o(.text) refers to defsig_general.o(.text) for __default_signal_display
    defsig_rtmem_outer.o(.text) refers to defsig_rtmem_inner.o(.text) for __rt_SIGRTMEM_inner
    defsig_rtmem_outer.o(.text) refers to defsig_exit.o(.text) for __sig_exit
    defsig_rtmem_formal.o(.text) refers to rt_raise.o(.text) for __rt_raise
    defsig_stak_inner.o(.text) refers to defsig_general.o(.text) for __default_signal_display
    defsig_pvfn_inner.o(.text) refers to defsig_general.o(.text) for __default_signal_display
    defsig_cppl_inner.o(.text) refers to defsig_general.o(.text) for __default_signal_display
    defsig_segv_inner.o(.text) refers to defsig_general.o(.text) for __default_signal_display
    defsig_other.o(.text) refers to defsig_general.o(.text) for __default_signal_display


==============================================================================

Removing Unused input sections from the image.

    Removing system_xmc1100.o(.rev16_text), (4 bytes).
    Removing system_xmc1100.o(.revsh_text), (4 bytes).
    Removing main_1.o(.rev16_text), (4 bytes).
    Removing main_1.o(.revsh_text), (4 bytes).
    Removing main_1.o(.data), (21 bytes).
    Removing datatanrsfer.o(.rev16_text), (4 bytes).
    Removing datatanrsfer.o(.revsh_text), (4 bytes).
    Removing eru0.o(.rev16_text), (4 bytes).
    Removing eru0.o(.revsh_text), (4 bytes).
    Removing eru0.o(.data), (14 bytes).
    Removing gpio.o(.rev16_text), (4 bytes).
    Removing gpio.o(.revsh_text), (4 bytes).
    Removing mcuinit.o(.rev16_text), (4 bytes).
    Removing mcuinit.o(.revsh_text), (4 bytes).
    Removing mcuinit.o(.data), (4 bytes).
    Removing uart.o(.rev16_text), (4 bytes).
    Removing uart.o(.revsh_text), (4 bytes).
    Removing init.o(.rev16_text), (4 bytes).
    Removing init.o(.revsh_text), (4 bytes).
    Removing timer.o(.rev16_text), (4 bytes).
    Removing timer.o(.revsh_text), (4 bytes).
    Removing ds18b20.o(.rev16_text), (4 bytes).
    Removing ds18b20.o(.revsh_text), (4 bytes).
    Removing delay.o(.rev16_text), (4 bytes).
    Removing delay.o(.revsh_text), (4 bytes).
    Removing wdt.o(.rev16_text), (4 bytes).
    Removing wdt.o(.revsh_text), (4 bytes).
    Removing wdt.o(.data), (8 bytes).
    Removing 24cxx.o(.rev16_text), (4 bytes).
    Removing 24cxx.o(.revsh_text), (4 bytes).
    Removing myiic.o(.rev16_text), (4 bytes).
    Removing myiic.o(.revsh_text), (4 bytes).

32 unused section(s) (total 159 bytes) removed from the image.

==============================================================================

Image Symbol Table

    Local Symbols

    Symbol Name                              Value     Ov Type        Size  Object(Section)

    ../clib/../cmprslib/zerorunl2.c          0x00000000   Number         0  __dczerorl2.o ABSOLUTE
    ../clib/angel/boardlib.s                 0x00000000   Number         0  boardinit3.o ABSOLUTE
    ../clib/angel/boardlib.s                 0x00000000   Number         0  boardinit2.o ABSOLUTE
    ../clib/angel/boardlib.s                 0x00000000   Number         0  boardinit1.o ABSOLUTE
    ../clib/angel/boardlib.s                 0x00000000   Number         0  boardshut.o ABSOLUTE
    ../clib/angel/handlers.s                 0x00000000   Number         0  __scatter_zi.o ABSOLUTE
    ../clib/angel/kernel.s                   0x00000000   Number         0  __rtentry2.o ABSOLUTE
    ../clib/angel/kernel.s                   0x00000000   Number         0  rtexit2.o ABSOLUTE
    ../clib/angel/kernel.s                   0x00000000   Number         0  rtexit.o ABSOLUTE
    ../clib/angel/kernel.s                   0x00000000   Number         0  __rtentry4.o ABSOLUTE
    ../clib/angel/kernel.s                   0x00000000   Number         0  __rtentry.o ABSOLUTE
    ../clib/angel/rt.s                       0x00000000   Number         0  rt_raise.o ABSOLUTE
    ../clib/angel/rt.s                       0x00000000   Number         0  rt_div0.o ABSOLUTE
    ../clib/angel/rt.s                       0x00000000   Number         0  aeabi_idiv0.o ABSOLUTE
    ../clib/angel/rt.s                       0x00000000   Number         0  aeabi_idiv0_sigfpe.o ABSOLUTE
    ../clib/angel/scatterp.s                 0x00000000   Number         0  __scatter.o ABSOLUTE
    ../clib/angel/startup.s                  0x00000000   Number         0  __main.o ABSOLUTE
    ../clib/angel/sys.s                      0x00000000   Number         0  tempstk.o ABSOLUTE
    ../clib/angel/sys.s                      0x00000000   Number         0  libspace.o ABSOLUTE
    ../clib/angel/sys.s                      0x00000000   Number         0  sys_stackheap_outer.o ABSOLUTE
    ../clib/angel/sys.s                      0x00000000   Number         0  indicate_semi.o ABSOLUTE
    ../clib/angel/sys.s                      0x00000000   Number         0  use_no_semi.o ABSOLUTE
    ../clib/angel/sysapp.c                   0x00000000   Number         0  sys_exit.o ABSOLUTE
    ../clib/angel/sysapp.c                   0x00000000   Number         0  sys_command.o ABSOLUTE
    ../clib/angel/sysapp.c                   0x00000000   Number         0  sys_wrch.o ABSOLUTE
    ../clib/armsys.c                         0x00000000   Number         0  argv_veneer.o ABSOLUTE
    ../clib/armsys.c                         0x00000000   Number         0  no_argv.o ABSOLUTE
    ../clib/armsys.c                         0x00000000   Number         0  _get_argv_nomalloc.o ABSOLUTE
    ../clib/division.s                       0x00000000   Number         0  aeabi_sdiv.o ABSOLUTE
    ../clib/division.s                       0x00000000   Number         0  aeabi_sdiv_div0.o ABSOLUTE
    ../clib/heapalloc.c                      0x00000000   Number         0  hrguard.o ABSOLUTE
    ../clib/heapaux.c                        0x00000000   Number         0  heapauxi.o ABSOLUTE
    ../clib/libinit.s                        0x00000000   Number         0  libshutdown.o ABSOLUTE
    ../clib/libinit.s                        0x00000000   Number         0  libinit2.o ABSOLUTE
    ../clib/libinit.s                        0x00000000   Number         0  libshutdown2.o ABSOLUTE
    ../clib/libinit.s                        0x00000000   Number         0  libinit.o ABSOLUTE
    ../clib/signal.c                         0x00000000   Number         0  defsig_general.o ABSOLUTE
    ../clib/signal.c                         0x00000000   Number         0  defsig_abrt_inner.o ABSOLUTE
    ../clib/signal.c                         0x00000000   Number         0  defsig_rtred_inner.o ABSOLUTE
    ../clib/signal.c                         0x00000000   Number         0  defsig_rtmem_inner.o ABSOLUTE
    ../clib/signal.c                         0x00000000   Number         0  defsig_rtmem_outer.o ABSOLUTE
    ../clib/signal.c                         0x00000000   Number         0  defsig_pvfn_inner.o ABSOLUTE
    ../clib/signal.c                         0x00000000   Number         0  defsig_rtmem_formal.o ABSOLUTE
    ../clib/signal.c                         0x00000000   Number         0  defsig_fpe_inner.o ABSOLUTE
    ../clib/signal.c                         0x00000000   Number         0  defsig_stak_inner.o ABSOLUTE
    ../clib/signal.c                         0x00000000   Number         0  defsig_exit.o ABSOLUTE
    ../clib/signal.c                         0x00000000   Number         0  defsig_cppl_inner.o ABSOLUTE
    ../clib/signal.c                         0x00000000   Number         0  defsig_segv_inner.o ABSOLUTE
    ../clib/signal.c                         0x00000000   Number         0  defsig_other.o ABSOLUTE
    ../clib/signal.c                         0x00000000   Number         0  defsig_fpe_outer.o ABSOLUTE
    ../clib/signal.c                         0x00000000   Number         0  defsig_fpe_formal.o ABSOLUTE
    ../clib/signal.c                         0x00000000   Number         0  __raise.o ABSOLUTE
    ../clib/signal.s                         0x00000000   Number         0  defsig.o ABSOLUTE
    ../clib/stdlib.c                         0x00000000   Number         0  exit.o ABSOLUTE
    ../fplib/cfplib/dmul.c                   0x00000000   Number         0  dmul.o ABSOLUTE
    ../fplib/cfplib/ffix.c                   0x00000000   Number         0  dfixi.o ABSOLUTE
    ../fplib/cfplib/fflt.c                   0x00000000   Number         0  dflti.o ABSOLUTE
    ../fplib/cfplib/fpinit.c                 0x00000000   Number         0  fpinit.o ABSOLUTE
    ../fplib/usenofp.s                       0x00000000   Number         0  usenofp.o ABSOLUTE
    HARDWARE\24CXX\24cxx.c                   0x00000000   Number         0  24cxx.o ABSOLUTE
    HARDWARE\DS18B20\ds18b20.c               0x00000000   Number         0  ds18b20.o ABSOLUTE
    HARDWARE\IIC\myiic.c                     0x00000000   Number         0  myiic.o ABSOLUTE
    HARDWARE\TIMER\timer.c                   0x00000000   Number         0  timer.o ABSOLUTE
    HARDWARE\\24CXX\\24cxx.c                 0x00000000   Number         0  24cxx.o ABSOLUTE
    HARDWARE\\DS18B20\\ds18b20.c             0x00000000   Number         0  ds18b20.o ABSOLUTE
    HARDWARE\\IIC\\myiic.c                   0x00000000   Number         0  myiic.o ABSOLUTE
    HARDWARE\\TIMER\\timer.c                 0x00000000   Number         0  timer.o ABSOLUTE
    MCUINIT\ERU0.c                           0x00000000   Number         0  eru0.o ABSOLUTE
    MCUINIT\GPIO.c                           0x00000000   Number         0  gpio.o ABSOLUTE
    MCUINIT\Init\init.c                      0x00000000   Number         0  init.o ABSOLUTE
    MCUINIT\MCUInit.c                        0x00000000   Number         0  mcuinit.o ABSOLUTE
    MCUINIT\UART.c                           0x00000000   Number         0  uart.o ABSOLUTE
    MCUINIT\\ERU0.c                          0x00000000   Number         0  eru0.o ABSOLUTE
    MCUINIT\\GPIO.c                          0x00000000   Number         0  gpio.o ABSOLUTE
    MCUINIT\\Init\\init.c                    0x00000000   Number         0  init.o ABSOLUTE
    MCUINIT\\MCUInit.c                       0x00000000   Number         0  mcuinit.o ABSOLUTE
    MCUINIT\\UART.c                          0x00000000   Number         0  uart.o ABSOLUTE
    MCUINIT\\datatanrsfer.c                  0x00000000   Number         0  datatanrsfer.o ABSOLUTE
    MCUINIT\\delay.c                         0x00000000   Number         0  delay.o ABSOLUTE
    MCUINIT\datatanrsfer.c                   0x00000000   Number         0  datatanrsfer.o ABSOLUTE
    MCUINIT\delay.c                          0x00000000   Number         0  delay.o ABSOLUTE
    Main.c                                   0x00000000   Number         0  main_1.o ABSOLUTE
    Main.c                                   0x00000000   Number         0  main_1.o ABSOLUTE
    Startup\\startup_XMC1100.s               0x00000000   Number         0  startup_xmc1100.o ABSOLUTE
    Startup\\system_XMC1100.c                0x00000000   Number         0  system_xmc1100.o ABSOLUTE
    Startup\system_XMC1100.c                 0x00000000   Number         0  system_xmc1100.o ABSOLUTE
    WDT\WDT.c                                0x00000000   Number         0  wdt.o ABSOLUTE
    WDT\\WDT.c                               0x00000000   Number         0  wdt.o ABSOLUTE
    dc.s                                     0x00000000   Number         0  dc.o ABSOLUTE
    RESET                                    0x10001000   Section       24  startup_xmc1100.o(RESET)
    !!!main                                  0x10001018   Section        8  __main.o(!!!main)
    !!!scatter                               0x10001020   Section       60  __scatter.o(!!!scatter)
    !!handler_zi                             0x1000105c   Section       28  __scatter_zi.o(!!handler_zi)
    .ARM.Collect$$libinit$$00000000          0x10001078   Section        2  libinit.o(.ARM.Collect$$libinit$$00000000)
    .ARM.Collect$$libinit$$00000002          0x1000107a   Section        0  libinit2.o(.ARM.Collect$$libinit$$00000002)
    .ARM.Collect$$libinit$$00000004          0x1000107a   Section        0  libinit2.o(.ARM.Collect$$libinit$$00000004)
    .ARM.Collect$$libinit$$0000000A          0x1000107a   Section        0  libinit2.o(.ARM.Collect$$libinit$$0000000A)
    .ARM.Collect$$libinit$$0000000C          0x1000107a   Section        0  libinit2.o(.ARM.Collect$$libinit$$0000000C)
    .ARM.Collect$$libinit$$0000000E          0x1000107a   Section        0  libinit2.o(.ARM.Collect$$libinit$$0000000E)
    .ARM.Collect$$libinit$$00000011          0x1000107a   Section        0  libinit2.o(.ARM.Collect$$libinit$$00000011)
    .ARM.Collect$$libinit$$00000013          0x1000107a   Section        0  libinit2.o(.ARM.Collect$$libinit$$00000013)
    .ARM.Collect$$libinit$$00000015          0x1000107a   Section        0  libinit2.o(.ARM.Collect$$libinit$$00000015)
    .ARM.Collect$$libinit$$00000017          0x1000107a   Section        0  libinit2.o(.ARM.Collect$$libinit$$00000017)
    .ARM.Collect$$libinit$$00000019          0x1000107a   Section        0  libinit2.o(.ARM.Collect$$libinit$$00000019)
    .ARM.Collect$$libinit$$0000001B          0x1000107a   Section        0  libinit2.o(.ARM.Collect$$libinit$$0000001B)
    .ARM.Collect$$libinit$$0000001D          0x1000107a   Section        0  libinit2.o(.ARM.Collect$$libinit$$0000001D)
    .ARM.Collect$$libinit$$0000001F          0x1000107a   Section        0  libinit2.o(.ARM.Collect$$libinit$$0000001F)
    .ARM.Collect$$libinit$$00000021          0x1000107a   Section        0  libinit2.o(.ARM.Collect$$libinit$$00000021)
    .ARM.Collect$$libinit$$00000023          0x1000107a   Section        0  libinit2.o(.ARM.Collect$$libinit$$00000023)
    .ARM.Collect$$libinit$$00000025          0x1000107a   Section        0  libinit2.o(.ARM.Collect$$libinit$$00000025)
    .ARM.Collect$$libinit$$0000002C          0x1000107a   Section        0  libinit2.o(.ARM.Collect$$libinit$$0000002C)
    .ARM.Collect$$libinit$$0000002E          0x1000107a   Section        0  libinit2.o(.ARM.Collect$$libinit$$0000002E)
    .ARM.Collect$$libinit$$00000030          0x1000107a   Section        0  libinit2.o(.ARM.Collect$$libinit$$00000030)
    .ARM.Collect$$libinit$$00000032          0x1000107a   Section        0  libinit2.o(.ARM.Collect$$libinit$$00000032)
    .ARM.Collect$$libinit$$00000033          0x1000107a   Section        2  libinit2.o(.ARM.Collect$$libinit$$00000033)
    .ARM.Collect$$libshutdown$$00000000      0x1000107c   Section        2  libshutdown.o(.ARM.Collect$$libshutdown$$00000000)
    .ARM.Collect$$libshutdown$$00000002      0x1000107e   Section        0  libshutdown2.o(.ARM.Collect$$libshutdown$$00000002)
    .ARM.Collect$$libshutdown$$00000004      0x1000107e   Section        0  libshutdown2.o(.ARM.Collect$$libshutdown$$00000004)
    .ARM.Collect$$libshutdown$$00000007      0x1000107e   Section        0  libshutdown2.o(.ARM.Collect$$libshutdown$$00000007)
    .ARM.Collect$$libshutdown$$0000000A      0x1000107e   Section        0  libshutdown2.o(.ARM.Collect$$libshutdown$$0000000A)
    .ARM.Collect$$libshutdown$$0000000C      0x1000107e   Section        0  libshutdown2.o(.ARM.Collect$$libshutdown$$0000000C)
    .ARM.Collect$$libshutdown$$0000000F      0x1000107e   Section        0  libshutdown2.o(.ARM.Collect$$libshutdown$$0000000F)
    .ARM.Collect$$libshutdown$$00000010      0x1000107e   Section        2  libshutdown2.o(.ARM.Collect$$libshutdown$$00000010)
    .ARM.Collect$$rtentry$$00000000          0x10001080   Section        0  __rtentry.o(.ARM.Collect$$rtentry$$00000000)
    .ARM.Collect$$rtentry$$00000002          0x10001080   Section        0  __rtentry2.o(.ARM.Collect$$rtentry$$00000002)
    .ARM.Collect$$rtentry$$00000004          0x10001080   Section        6  __rtentry4.o(.ARM.Collect$$rtentry$$00000004)
    .ARM.Collect$$rtentry$$00000009          0x10001086   Section        0  __rtentry2.o(.ARM.Collect$$rtentry$$00000009)
    .ARM.Collect$$rtentry$$0000000A          0x10001086   Section        4  __rtentry2.o(.ARM.Collect$$rtentry$$0000000A)
    .ARM.Collect$$rtentry$$0000000C          0x1000108a   Section        0  __rtentry2.o(.ARM.Collect$$rtentry$$0000000C)
    .ARM.Collect$$rtentry$$0000000D          0x1000108a   Section        8  __rtentry2.o(.ARM.Collect$$rtentry$$0000000D)
    .ARM.Collect$$rtexit$$00000000           0x10001092   Section        2  rtexit.o(.ARM.Collect$$rtexit$$00000000)
    .ARM.Collect$$rtexit$$00000002           0x10001094   Section        0  rtexit2.o(.ARM.Collect$$rtexit$$00000002)
    .ARM.Collect$$rtexit$$00000003           0x10001094   Section        4  rtexit2.o(.ARM.Collect$$rtexit$$00000003)
    .ARM.Collect$$rtexit$$00000004           0x10001098   Section        6  rtexit2.o(.ARM.Collect$$rtexit$$00000004)
    .text                                    0x100010a0   Section      104  startup_xmc1100.o(.text)
    .text                                    0x10001108   Section        0  system_xmc1100.o(.text)
    .text                                    0x10001168   Section        0  main_1.o(.text)
    .text                                    0x1000119c   Section        0  datatanrsfer.o(.text)
    .text                                    0x10002c6c   Section        0  eru0.o(.text)
    P2_8_read                                0x10002fd1   Thumb Code    14  eru0.o(.text)
    P2_9_read                                0x10002fdf   Thumb Code    14  eru0.o(.text)
    .text                                    0x1000301c   Section        0  gpio.o(.text)
    .text                                    0x10003068   Section        0  mcuinit.o(.text)
    __NVIC_EnableIRQ                         0x100030eb   Thumb Code    18  mcuinit.o(.text)
    __NVIC_ClearPendingIRQ                   0x100030fd   Thumb Code    18  mcuinit.o(.text)
    .text                                    0x1000312c   Section        0  uart.o(.text)
    __NVIC_EnableIRQ                         0x1000370b   Thumb Code    18  uart.o(.text)
    __NVIC_ClearPendingIRQ                   0x1000371d   Thumb Code    18  uart.o(.text)
    .text                                    0x10003774   Section        0  init.o(.text)
    .text                                    0x10003958   Section        0  timer.o(.text)
    .text                                    0x10003b9c   Section        0  ds18b20.o(.text)
    P2_0_set_mode                            0x10003d8b   Thumb Code    22  ds18b20.o(.text)
    P2_0_set                                 0x10003da1   Thumb Code     8  ds18b20.o(.text)
    P2_0_reset                               0x10003da9   Thumb Code    10  ds18b20.o(.text)
    .text                                    0x10003dcc   Section        0  delay.o(.text)
    .text                                    0x10003e28   Section        0  wdt.o(.text)
    .text                                    0x10003e6c   Section        0  24cxx.o(.text)
    .text                                    0x10003fd4   Section        0  myiic.o(.text)
    P0_0_set                                 0x10004181   Thumb Code     8  myiic.o(.text)
    P0_0_reset                               0x10004189   Thumb Code    10  myiic.o(.text)
    P0_1_set_mode                            0x10004193   Thumb Code    28  myiic.o(.text)
    P0_1_set                                 0x100041af   Thumb Code    10  myiic.o(.text)
    P0_1_reset                               0x100041b9   Thumb Code    10  myiic.o(.text)
    P0_1_read                                0x100041c3   Thumb Code    10  myiic.o(.text)
    .text                                    0x100041d4   Section      346  aeabi_sdiv.o(.text)
    .text                                    0x1000432e   Section        0  heapauxi.o(.text)
    .text                                    0x10004334   Section        0  dfixi.o(.text)
    .text                                    0x100043a0   Section        0  dflti.o(.text)
    .text                                    0x100043f8   Section        0  dmul.o(.text)
    .text                                    0x10004640   Section       62  sys_stackheap_outer.o(.text)
    .text                                    0x1000467e   Section        0  exit.o(.text)
    .text                                    0x10004690   Section        8  libspace.o(.text)
    .text                                    0x10004698   Section        0  sys_exit.o(.text)
    .text                                    0x100046a4   Section        2  use_no_semi.o(.text)
    .text                                    0x100046a6   Section        0  indicate_semi.o(.text)
    .text                                    0x100046a6   Section        0  __dczerorl2.o(.text)
    i.__ARM_common_switch8                   0x100046fc   Section        0  datatanrsfer.o(i.__ARM_common_switch8)
    x$fpl$usenofp                            0x10004718   Section        0  usenofp.o(x$fpl$usenofp)
    .ARM.__at_0x20000000                     0x20000000   Section      380  startup_xmc1100.o(.ARM.__at_0x20000000)
    .data                                    0x2000017c   Section        4  system_xmc1100.o(.data)
    .data                                    0x20000180   Section      174  datatanrsfer.o(.data)
    .data                                    0x20000230   Section       31  uart.o(.data)
    .data                                    0x20000250   Section       37  init.o(.data)
    .data                                    0x20000278   Section        6  ds18b20.o(.data)
    .data                                    0x2000027e   Section        1  myiic.o(.data)
    .bss                                     0x20000280   Section     3275  datatanrsfer.o(.bss)
    .bss                                     0x20000f4c   Section     1300  init.o(.bss)
    .bss                                     0x20001460   Section       96  libspace.o(.bss)
    HEAP                                     0x200014c0   Section      512  startup_xmc1100.o(HEAP)
    Heap_Mem                                 0x200014c0   Data         512  startup_xmc1100.o(HEAP)
    STACK                                    0x200016c0   Section     1024  startup_xmc1100.o(STACK)
    Stack_Mem                                0x200016c0   Data        1024  startup_xmc1100.o(STACK)
    __initial_sp                             0x20001ac0   Data           0  startup_xmc1100.o(STACK)

    Global Symbols

    Symbol Name                              Value     Ov Type        Size  Object(Section)

    BuildAttributes$$THM_ISAv3M$S$PE$A:L22$X:L11$S22$IEEE1$IW$USESV6$~STKCKD$USESV7$~SHL$OSPACE$ROPI$EBA8$UX$STANDARDLIB$REQ8$PRES8$EABIv2 0x00000000   Number         0  anon$$obj.o ABSOLUTE
    __ARM_use_no_argv                        0x00000000   Number         0  main_1.o ABSOLUTE
    __ARM_exceptions_init                     - Undefined Weak Reference
    __alloca_initialize                       - Undefined Weak Reference
    __arm_preinit_                            - Undefined Weak Reference
    __cpp_initialize__aeabi_                  - Undefined Weak Reference
    __cxa_finalize                            - Undefined Weak Reference
    __rt_locale                               - Undefined Weak Reference
    __sigvec_lookup                           - Undefined Weak Reference
    _atexit_init                              - Undefined Weak Reference
    _call_atexit_fns                          - Undefined Weak Reference
    _clock_init                               - Undefined Weak Reference
    _fp_trap_init                             - Undefined Weak Reference
    _fp_trap_shutdown                         - Undefined Weak Reference
    _get_lc_collate                           - Undefined Weak Reference
    _get_lc_ctype                             - Undefined Weak Reference
    _get_lc_monetary                          - Undefined Weak Reference
    _get_lc_numeric                           - Undefined Weak Reference
    _get_lc_time                              - Undefined Weak Reference
    _getenv_init                              - Undefined Weak Reference
    _handle_redirection                       - Undefined Weak Reference
    _init_alloc                               - Undefined Weak Reference
    _init_user_alloc                          - Undefined Weak Reference
    _initio                                   - Undefined Weak Reference
    _rand_init                                - Undefined Weak Reference
    _signal_finish                            - Undefined Weak Reference
    _signal_init                              - Undefined Weak Reference
    _terminate_alloc                          - Undefined Weak Reference
    _terminate_user_alloc                     - Undefined Weak Reference
    _terminateio                              - Undefined Weak Reference
    __Vectors_Size                           0x00000018   Number         0  startup_xmc1100.o ABSOLUTE
    __Vectors                                0x10001000   Data           0  startup_xmc1100.o(RESET)
    __Vectors_End                            0x10001018   Data           0  startup_xmc1100.o(RESET)
    __main                                   0x10001019   Thumb Code     8  __main.o(!!!main)
    __scatterload                            0x10001021   Thumb Code     0  __scatter.o(!!!scatter)
    __scatterload_rt2                        0x10001021   Thumb Code    52  __scatter.o(!!!scatter)
    __scatterload_rt2_thumb_only             0x10001021   Thumb Code     0  __scatter.o(!!!scatter)
    __scatterload_null                       0x10001031   Thumb Code     0  __scatter.o(!!!scatter)
    __scatterload_zeroinit                   0x1000105d   Thumb Code    28  __scatter_zi.o(!!handler_zi)
    __rt_lib_init                            0x10001079   Thumb Code     0  libinit.o(.ARM.Collect$$libinit$$00000000)
    __rt_lib_init_alloca_1                   0x1000107b   Thumb Code     0  libinit2.o(.ARM.Collect$$libinit$$0000002E)
    __rt_lib_init_argv_1                     0x1000107b   Thumb Code     0  libinit2.o(.ARM.Collect$$libinit$$0000002C)
    __rt_lib_init_atexit_1                   0x1000107b   Thumb Code     0  libinit2.o(.ARM.Collect$$libinit$$0000001B)
    __rt_lib_init_clock_1                    0x1000107b   Thumb Code     0  libinit2.o(.ARM.Collect$$libinit$$00000021)
    __rt_lib_init_cpp_1                      0x1000107b   Thumb Code     0  libinit2.o(.ARM.Collect$$libinit$$00000032)
    __rt_lib_init_exceptions_1               0x1000107b   Thumb Code     0  libinit2.o(.ARM.Collect$$libinit$$00000030)
    __rt_lib_init_fp_1                       0x1000107b   Thumb Code     0  libinit2.o(.ARM.Collect$$libinit$$00000002)
    __rt_lib_init_fp_trap_1                  0x1000107b   Thumb Code     0  libinit2.o(.ARM.Collect$$libinit$$0000001F)
    __rt_lib_init_getenv_1                   0x1000107b   Thumb Code     0  libinit2.o(.ARM.Collect$$libinit$$00000023)
    __rt_lib_init_heap_1                     0x1000107b   Thumb Code     0  libinit2.o(.ARM.Collect$$libinit$$0000000A)
    __rt_lib_init_lc_collate_1               0x1000107b   Thumb Code     0  libinit2.o(.ARM.Collect$$libinit$$00000011)
    __rt_lib_init_lc_ctype_1                 0x1000107b   Thumb Code     0  libinit2.o(.ARM.Collect$$libinit$$00000013)
    __rt_lib_init_lc_monetary_1              0x1000107b   Thumb Code     0  libinit2.o(.ARM.Collect$$libinit$$00000015)
    __rt_lib_init_lc_numeric_1               0x1000107b   Thumb Code     0  libinit2.o(.ARM.Collect$$libinit$$00000017)
    __rt_lib_init_lc_time_1                  0x1000107b   Thumb Code     0  libinit2.o(.ARM.Collect$$libinit$$00000019)
    __rt_lib_init_preinit_1                  0x1000107b   Thumb Code     0  libinit2.o(.ARM.Collect$$libinit$$00000004)
    __rt_lib_init_rand_1                     0x1000107b   Thumb Code     0  libinit2.o(.ARM.Collect$$libinit$$0000000E)
    __rt_lib_init_return                     0x1000107b   Thumb Code     0  libinit2.o(.ARM.Collect$$libinit$$00000033)
    __rt_lib_init_signal_1                   0x1000107b   Thumb Code     0  libinit2.o(.ARM.Collect$$libinit$$0000001D)
    __rt_lib_init_stdio_1                    0x1000107b   Thumb Code     0  libinit2.o(.ARM.Collect$$libinit$$00000025)
    __rt_lib_init_user_alloc_1               0x1000107b   Thumb Code     0  libinit2.o(.ARM.Collect$$libinit$$0000000C)
    __rt_lib_shutdown                        0x1000107d   Thumb Code     0  libshutdown.o(.ARM.Collect$$libshutdown$$00000000)
    __rt_lib_shutdown_cpp_1                  0x1000107f   Thumb Code     0  libshutdown2.o(.ARM.Collect$$libshutdown$$00000002)
    __rt_lib_shutdown_fp_trap_1              0x1000107f   Thumb Code     0  libshutdown2.o(.ARM.Collect$$libshutdown$$00000007)
    __rt_lib_shutdown_heap_1                 0x1000107f   Thumb Code     0  libshutdown2.o(.ARM.Collect$$libshutdown$$0000000F)
    __rt_lib_shutdown_return                 0x1000107f   Thumb Code     0  libshutdown2.o(.ARM.Collect$$libshutdown$$00000010)
    __rt_lib_shutdown_signal_1               0x1000107f   Thumb Code     0  libshutdown2.o(.ARM.Collect$$libshutdown$$0000000A)
    __rt_lib_shutdown_stdio_1                0x1000107f   Thumb Code     0  libshutdown2.o(.ARM.Collect$$libshutdown$$00000004)
    __rt_lib_shutdown_user_alloc_1           0x1000107f   Thumb Code     0  libshutdown2.o(.ARM.Collect$$libshutdown$$0000000C)
    __rt_entry                               0x10001081   Thumb Code     0  __rtentry.o(.ARM.Collect$$rtentry$$00000000)
    __rt_entry_presh_1                       0x10001081   Thumb Code     0  __rtentry2.o(.ARM.Collect$$rtentry$$00000002)
    __rt_entry_sh                            0x10001081   Thumb Code     0  __rtentry4.o(.ARM.Collect$$rtentry$$00000004)
    __rt_entry_li                            0x10001087   Thumb Code     0  __rtentry2.o(.ARM.Collect$$rtentry$$0000000A)
    __rt_entry_postsh_1                      0x10001087   Thumb Code     0  __rtentry2.o(.ARM.Collect$$rtentry$$00000009)
    __rt_entry_main                          0x1000108b   Thumb Code     0  __rtentry2.o(.ARM.Collect$$rtentry$$0000000D)
    __rt_entry_postli_1                      0x1000108b   Thumb Code     0  __rtentry2.o(.ARM.Collect$$rtentry$$0000000C)
    __rt_exit                                0x10001093   Thumb Code     0  rtexit.o(.ARM.Collect$$rtexit$$00000000)
    __rt_exit_ls                             0x10001095   Thumb Code     0  rtexit2.o(.ARM.Collect$$rtexit$$00000003)
    __rt_exit_prels_1                        0x10001095   Thumb Code     0  rtexit2.o(.ARM.Collect$$rtexit$$00000002)
    __rt_exit_exit                           0x10001099   Thumb Code     0  rtexit2.o(.ARM.Collect$$rtexit$$00000004)
    Reset_Handler                            0x100010a1   Thumb Code    32  startup_xmc1100.o(.text)
    NMI_Handler                              0x100010c1   Thumb Code     2  startup_xmc1100.o(.text)
    HardFault_Handler                        0x100010c3   Thumb Code     2  startup_xmc1100.o(.text)
    SVC_Handler                              0x100010c5   Thumb Code     2  startup_xmc1100.o(.text)
    PendSV_Handler                           0x100010c7   Thumb Code     2  startup_xmc1100.o(.text)
    BCCU0_0_IRQHandler                       0x100010cb   Thumb Code     0  startup_xmc1100.o(.text)
    CCU40_3_IRQHandler                       0x100010cb   Thumb Code     0  startup_xmc1100.o(.text)
    CCU80_0_IRQHandler                       0x100010cb   Thumb Code     0  startup_xmc1100.o(.text)
    CCU80_1_IRQHandler                       0x100010cb   Thumb Code     0  startup_xmc1100.o(.text)
    ERU0_1_IRQHandler                        0x100010cb   Thumb Code     0  startup_xmc1100.o(.text)
    ERU0_2_IRQHandler                        0x100010cb   Thumb Code     0  startup_xmc1100.o(.text)
    ERU0_3_IRQHandler                        0x100010cb   Thumb Code     0  startup_xmc1100.o(.text)
    LEDTS0_0_IRQHandler                      0x100010cb   Thumb Code     0  startup_xmc1100.o(.text)
    LEDTS1_0_IRQHandler                      0x100010cb   Thumb Code     0  startup_xmc1100.o(.text)
    MATH0_0_IRQHandler                       0x100010cb   Thumb Code     0  startup_xmc1100.o(.text)
    POSIF0_0_IRQHandler                      0x100010cb   Thumb Code     0  startup_xmc1100.o(.text)
    POSIF0_1_IRQHandler                      0x100010cb   Thumb Code     0  startup_xmc1100.o(.text)
    SCU_0_IRQHandler                         0x100010cb   Thumb Code     0  startup_xmc1100.o(.text)
    SCU_1_IRQHandler                         0x100010cb   Thumb Code     0  startup_xmc1100.o(.text)
    SCU_2_IRQHandler                         0x100010cb   Thumb Code     0  startup_xmc1100.o(.text)
    USIC0_0_IRQHandler                       0x100010cb   Thumb Code     0  startup_xmc1100.o(.text)
    USIC0_1_IRQHandler                       0x100010cb   Thumb Code     0  startup_xmc1100.o(.text)
    USIC0_4_IRQHandler                       0x100010cb   Thumb Code     0  startup_xmc1100.o(.text)
    USIC0_5_IRQHandler                       0x100010cb   Thumb Code     0  startup_xmc1100.o(.text)
    VADC0_C0_0_IRQHandler                    0x100010cb   Thumb Code     0  startup_xmc1100.o(.text)
    VADC0_C0_1_IRQHandler                    0x100010cb   Thumb Code     0  startup_xmc1100.o(.text)
    VADC0_G0_0_IRQHandler                    0x100010cb   Thumb Code     0  startup_xmc1100.o(.text)
    VADC0_G0_1_IRQHandler                    0x100010cb   Thumb Code     0  startup_xmc1100.o(.text)
    VADC0_G1_0_IRQHandler                    0x100010cb   Thumb Code     0  startup_xmc1100.o(.text)
    VADC0_G1_1_IRQHandler                    0x100010cb   Thumb Code     0  startup_xmc1100.o(.text)
    SystemInit_DAVE3                         0x100010cd   Thumb Code     4  startup_xmc1100.o(.text)
    AllowClkInitByStartup                    0x100010d1   Thumb Code     4  startup_xmc1100.o(.text)
    __user_initial_stackheap                 0x100010d5   Thumb Code     0  startup_xmc1100.o(.text)
    SystemInit                               0x10001109   Thumb Code     8  system_xmc1100.o(.text)
    SystemCoreClockUpdate                    0x10001111   Thumb Code    76  system_xmc1100.o(.text)
    main                                     0x10001169   Thumb Code    52  main_1.o(.text)
    U0C0_IIC_vWriteData                      0x1000119d   Thumb Code    48  datatanrsfer.o(.text)
    U0C0_IIC_uwReadData                      0x100011cd   Thumb Code    48  datatanrsfer.o(.text)
    send_lcd_pack                            0x100011fd   Thumb Code  2264  datatanrsfer.o(.text)
    send_speed_pack                          0x10001ad5   Thumb Code   366  datatanrsfer.o(.text)
    deal_one_pack                            0x10001c43   Thumb Code  2488  datatanrsfer.o(.text)
    manage_one_pack                          0x100025fb   Thumb Code   414  datatanrsfer.o(.text)
    deal_one_pack_down                       0x10002799   Thumb Code   248  datatanrsfer.o(.text)
    manage_one_down_pack                     0x10002891   Thumb Code   426  datatanrsfer.o(.text)
    send_lcd_pack_time                       0x10002a3b   Thumb Code   328  datatanrsfer.o(.text)
    temperature_DS                           0x10002b83   Thumb Code    70  datatanrsfer.o(.text)
    Send_Turnspeed_pack                      0x10002bc9   Thumb Code   130  datatanrsfer.o(.text)
    ERU0_vInit                               0x10002c6d   Thumb Code   314  eru0.o(.text)
    ERU0_0_IRQHandler                        0x10002da7   Thumb Code   554  eru0.o(.text)
    GPIO                                     0x1000301d   Thumb Code    72  gpio.o(.text)
    MCU_vInit                                0x10003069   Thumb Code    82  mcuinit.o(.text)
    SysTick_Handler                          0x100030bb   Thumb Code    48  mcuinit.o(.text)
    UART_0_vInit                             0x1000312d   Thumb Code   476  uart.o(.text)
    UART_1_vInit                             0x10003309   Thumb Code   474  uart.o(.text)
    USIC0_2_IRQHandler                       0x100034e3   Thumb Code   152  uart.o(.text)
    USIC0_3_IRQHandler                       0x1000357b   Thumb Code    98  uart.o(.text)
    DealLcdMsg                               0x100035dd   Thumb Code    28  uart.o(.text)
    Deal_Down_Msg                            0x100035f9   Thumb Code    28  uart.o(.text)
    U0C0_UART_vSendData                      0x10003615   Thumb Code    34  uart.o(.text)
    U0C0_UART_SendData                       0x10003637   Thumb Code    34  uart.o(.text)
    U0C0_0_UART_SendData                     0x10003659   Thumb Code    34  uart.o(.text)
    CRC_CHECK                                0x1000367b   Thumb Code    58  uart.o(.text)
    OutPut_Data                              0x100036b5   Thumb Code    86  uart.o(.text)
    LCD_EE_Init                              0x10003775   Thumb Code   124  init.o(.text)
    Lcd_Show_Init                            0x100037f1   Thumb Code   338  init.o(.text)
    CCU40_0_IRQHandler                       0x10003959   Thumb Code    52  timer.o(.text)
    CCU40_1_IRQHandler                       0x1000398d   Thumb Code    52  timer.o(.text)
    CCU4_Init                                0x100039c1   Thumb Code   130  timer.o(.text)
    CCU4_Init1                               0x10003a43   Thumb Code   136  timer.o(.text)
    CCU40_2_IRQHandler                       0x10003acb   Thumb Code    46  timer.o(.text)
    CCU4_Init2                               0x10003af9   Thumb Code   138  timer.o(.text)
    DS18B20_Check                            0x10003b9d   Thumb Code   112  ds18b20.o(.text)
    DS18B20_Rst                              0x10003c0d   Thumb Code    30  ds18b20.o(.text)
    DS18B20_Init                             0x10003c2b   Thumb Code    42  ds18b20.o(.text)
    DS18B20_Read_Bit                         0x10003c55   Thumb Code    64  ds18b20.o(.text)
    DS18B20_Read_Byte                        0x10003c95   Thumb Code    34  ds18b20.o(.text)
    DS18B20_Write_Byte                       0x10003cb7   Thumb Code    76  ds18b20.o(.text)
    DS18B20_Start                            0x10003d03   Thumb Code    24  ds18b20.o(.text)
    DS18B20_Get_Temp                         0x10003d1b   Thumb Code   112  ds18b20.o(.text)
    delay_us                                 0x10003dcd   Thumb Code    14  delay.o(.text)
    delay_ms                                 0x10003ddb   Thumb Code    36  delay.o(.text)
    delay_us_1                               0x10003dff   Thumb Code    18  delay.o(.text)
    delay_us_xmc                             0x10003e11   Thumb Code    20  delay.o(.text)
    WDT_vInit                                0x10003e29   Thumb Code    30  wdt.o(.text)
    WDT_Clear                                0x10003e47   Thumb Code    20  wdt.o(.text)
    AT24CXX_Init                             0x10003e6d   Thumb Code     8  24cxx.o(.text)
    AT24CXX_ReadOneByte                      0x10003e75   Thumb Code    84  24cxx.o(.text)
    AT24CXX_WriteOneByte                     0x10003ec9   Thumb Code    76  24cxx.o(.text)
    AT24CXX_WriteLenByte                     0x10003f15   Thumb Code    38  24cxx.o(.text)
    AT24CXX_ReadLenByte                      0x10003f3b   Thumb Code    40  24cxx.o(.text)
    AT24CXX_Check                            0x10003f63   Thumb Code    46  24cxx.o(.text)
    AT24CXX_Read                             0x10003f91   Thumb Code    34  24cxx.o(.text)
    AT24CXX_Write                            0x10003fb3   Thumb Code    34  24cxx.o(.text)
    IIC_Init                                 0x10003fd5   Thumb Code    40  myiic.o(.text)
    IIC_Start                                0x10003ffd   Thumb Code    38  myiic.o(.text)
    IIC_Stop                                 0x10004023   Thumb Code    38  myiic.o(.text)
    IIC_Wait_Ack                             0x10004049   Thumb Code    64  myiic.o(.text)
    IIC_Ack                                  0x10004089   Thumb Code    38  myiic.o(.text)
    IIC_NAck                                 0x100040af   Thumb Code    38  myiic.o(.text)
    IIC_Send_Byte                            0x100040d5   Thumb Code    94  myiic.o(.text)
    IIC_Read_Byte                            0x10004133   Thumb Code    78  myiic.o(.text)
    __aeabi_uidiv                            0x100041d5   Thumb Code     0  aeabi_sdiv.o(.text)
    __aeabi_uidivmod                         0x100041d5   Thumb Code    20  aeabi_sdiv.o(.text)
    __aeabi_idiv                             0x100041e9   Thumb Code     0  aeabi_sdiv.o(.text)
    __aeabi_idivmod                          0x100041e9   Thumb Code   326  aeabi_sdiv.o(.text)
    __use_two_region_memory                  0x1000432f   Thumb Code     2  heapauxi.o(.text)
    __rt_heap_escrow$2region                 0x10004331   Thumb Code     2  heapauxi.o(.text)
    __rt_heap_expand$2region                 0x10004333   Thumb Code     2  heapauxi.o(.text)
    __aeabi_d2iz                             0x10004335   Thumb Code     0  dfixi.o(.text)
    _dfix                                    0x10004335   Thumb Code    98  dfixi.o(.text)
    __aeabi_i2d_normalise                    0x100043a1   Thumb Code    66  dflti.o(.text)
    __aeabi_i2d                              0x100043e3   Thumb Code    16  dflti.o(.text)
    _dflt                                    0x100043e3   Thumb Code     0  dflti.o(.text)
    __aeabi_ui2d                             0x100043f3   Thumb Code     6  dflti.o(.text)
    _dfltu                                   0x100043f3   Thumb Code     0  dflti.o(.text)
    __aeabi_dmul                             0x100043f9   Thumb Code     0  dmul.o(.text)
    _dmul                                    0x100043f9   Thumb Code   558  dmul.o(.text)
    __user_setup_stackheap                   0x10004641   Thumb Code    62  sys_stackheap_outer.o(.text)
    exit                                     0x1000467f   Thumb Code    16  exit.o(.text)
    __user_libspace                          0x10004691   Thumb Code     8  libspace.o(.text)
    __user_perproc_libspace                  0x10004691   Thumb Code     0  libspace.o(.text)
    __user_perthread_libspace                0x10004691   Thumb Code     0  libspace.o(.text)
    _sys_exit                                0x10004699   Thumb Code     8  sys_exit.o(.text)
    __I$use$semihosting                      0x100046a5   Thumb Code     0  use_no_semi.o(.text)
    __use_no_semihosting_swi                 0x100046a5   Thumb Code     2  use_no_semi.o(.text)
    __decompress                             0x100046a7   Thumb Code     0  __dczerorl2.o(.text)
    __decompress1                            0x100046a7   Thumb Code    86  __dczerorl2.o(.text)
    __semihosting_library_function           0x100046a7   Thumb Code     0  indicate_semi.o(.text)
    __ARM_common_switch8                     0x100046fd   Thumb Code    28  datatanrsfer.o(i.__ARM_common_switch8)
    Region$$Table$$Base                      0x10004718   Number         0  anon$$obj.o(Region$$Table)
    __I$use$fp                               0x10004718   Number         0  usenofp.o(x$fpl$usenofp)
    Region$$Table$$Limit                     0x10004738   Number         0  anon$$obj.o(Region$$Table)
    SystemCoreClock                          0x2000017c   Data           4  system_xmc1100.o(.data)
    mixflour_fast                            0x20000180   Data          11  datatanrsfer.o(.data)
    mixflour_slow                            0x2000018b   Data          11  datatanrsfer.o(.data)
    mixflour_keg_fast                        0x20000196   Data          11  datatanrsfer.o(.data)
    mixflour_keg_slow                        0x200001a1   Data          11  datatanrsfer.o(.data)
    no_opera                                 0x200001ac   Data           7  datatanrsfer.o(.data)
    stop                                     0x200001b3   Data           5  datatanrsfer.o(.data)
    Speed_DATA                               0x200001b8   Data           4  datatanrsfer.o(.data)
    temperature                              0x200001bc   Data           1  datatanrsfer.o(.data)
    i                                        0x200001be   Data           2  datatanrsfer.o(.data)
    j                                        0x200001c0   Data           2  datatanrsfer.o(.data)
    CRC16                                    0x200001c4   Data           4  datatanrsfer.o(.data)
    databuf                                  0x200001c8   Data           6  datatanrsfer.o(.data)
    key_number                               0x200001ce   Data           2  datatanrsfer.o(.data)
    Time_data_number                         0x200001d0   Data           7  datatanrsfer.o(.data)
    speed_flag                               0x200001d8   Data           4  datatanrsfer.o(.data)
    slow_flag                                0x200001dc   Data           4  datatanrsfer.o(.data)
    turn_flag                                0x200001e0   Data           4  datatanrsfer.o(.data)
    Now_Num                                  0x200001e4   Data           4  datatanrsfer.o(.data)
    Next_Num                                 0x200001e8   Data           4  datatanrsfer.o(.data)
    page_flag                                0x200001ec   Data           4  datatanrsfer.o(.data)
    motor_flag                               0x200001f0   Data           4  datatanrsfer.o(.data)
    stop_flag                                0x200001f4   Data           4  datatanrsfer.o(.data)
    fast_slow_flag                           0x200001f8   Data           4  datatanrsfer.o(.data)
    start_flag                               0x200001fc   Data           4  datatanrsfer.o(.data)
    stop_new_flag                            0x20000200   Data           4  datatanrsfer.o(.data)
    hook_for                                 0x20000204   Data           4  datatanrsfer.o(.data)
    hook_reverse                             0x20000208   Data           4  datatanrsfer.o(.data)
    tub_start                                0x2000020c   Data           4  datatanrsfer.o(.data)
    tub_reverse                              0x20000210   Data           4  datatanrsfer.o(.data)
    auto_start_flag                          0x20000214   Data           4  datatanrsfer.o(.data)
    auto_stop_new_flag                       0x20000218   Data           4  datatanrsfer.o(.data)
    auto_tub_start                           0x2000021c   Data           4  datatanrsfer.o(.data)
    auto_tub_reverse                         0x20000220   Data           4  datatanrsfer.o(.data)
    mainmotor                                0x20000224   Data           5  datatanrsfer.o(.data)
    assmotor                                 0x20000229   Data           5  datatanrsfer.o(.data)
    date1flag                                0x20000230   Data           1  uart.o(.data)
    date1flag_down                           0x20000231   Data           1  uart.o(.data)
    recev_start                              0x20000234   Data           4  uart.o(.data)
    recev_end                                0x20000238   Data           4  uart.o(.data)
    recev_start_down                         0x2000023c   Data           4  uart.o(.data)
    recev_end_down                           0x20000240   Data           4  uart.o(.data)
    Read_Data                                0x20000244   Data           2  uart.o(.data)
    Data                                     0x20000246   Data           2  uart.o(.data)
    message                                  0x20000248   Data           7  uart.o(.data)
    Test_Data                                0x20000250   Data           1  init.o(.data)
    p                                        0x20000254   Data           4  init.o(.data)
    choose1flag                              0x20000258   Data           1  init.o(.data)
    choose2flag                              0x20000259   Data           1  init.o(.data)
    choose3flag                              0x2000025a   Data           1  init.o(.data)
    timehour                                 0x2000025c   Data           2  init.o(.data)
    timemin                                  0x2000025e   Data           2  init.o(.data)
    timesec                                  0x20000260   Data           2  init.o(.data)
    pretimehour                              0x20000262   Data           2  init.o(.data)
    pretimemin                               0x20000264   Data           2  init.o(.data)
    pretimesec                               0x20000266   Data           2  init.o(.data)
    pre_turnspeed                            0x20000268   Data           2  init.o(.data)
    turn_speed4                              0x2000026a   Data           4  init.o(.data)
    ee_flag                                  0x2000026e   Data           1  init.o(.data)
    time_ee                                  0x2000026f   Data           1  init.o(.data)
    Hand_Read_data                           0x20000270   Data           4  init.o(.data)
    EE_Flag                                  0x20000274   Data           1  init.o(.data)
    ds_text                                  0x20000278   Data           4  ds18b20.o(.data)
    flag                                     0x2000027c   Data           1  ds18b20.o(.data)
    flag_wxt                                 0x2000027d   Data           1  ds18b20.o(.data)
    num_addr                                 0x2000027e   Data           1  myiic.o(.data)
    USART_RX_BUF                             0x20000280   Data        1024  datatanrsfer.o(.bss)
    USART_RX_BUF_DOWN                        0x20000680   Data        1024  datatanrsfer.o(.bss)
    data                                     0x20000a80   Data          21  datatanrsfer.o(.bss)
    USART_TX_BUF                             0x20000a95   Data        1024  datatanrsfer.o(.bss)
    EE_ALL_DATA_test                         0x20000e95   Data         100  datatanrsfer.o(.bss)
    proce_flag                               0x20000efc   Data          20  datatanrsfer.o(.bss)
    Time_Flag                                0x20000f10   Data          24  datatanrsfer.o(.bss)
    proce_number                             0x20000f28   Data          20  datatanrsfer.o(.bss)
    buf                                      0x20000f3c   Data          15  datatanrsfer.o(.bss)
    EE_ReadData                              0x20000f4c   Data         256  init.o(.bss)
    EE_WriteData                             0x2000104c   Data         256  init.o(.bss)
    EE_WriteData1                            0x2000114c   Data         256  init.o(.bss)
    EE_ReadData_16                           0x2000124c   Data         512  init.o(.bss)
    Page1_control                            0x2000144c   Data          10  init.o(.bss)
    Auto_Read_data                           0x20001456   Data          10  init.o(.bss)
    __libspace_start                         0x20001460   Data          96  libspace.o(.bss)
    __temporary_stack_top$libspace           0x200014c0   Data           0  libspace.o(.bss)



==============================================================================

Memory Map of the image

  Image Entry point : 0x10001019

  Load Region LR_IROM1 (Base: 0x10001000, Size: 0x000039b8, Max: 0x00010000, ABSOLUTE, COMPRESSED[0x000037d8])

    Execution Region ER_IROM1 (Base: 0x10001000, Size: 0x00003738, Max: 0x00010000, ABSOLUTE)

    Base Addr    Size         Type   Attr      Idx    E Section Name        Object

    0x10001000   0x00000018   Data   RO            3    RESET               startup_xmc1100.o
    0x10001018   0x00000008   Code   RO          482  * !!!main             c_p.l(__main.o)
    0x10001020   0x0000003c   Code   RO          660    !!!scatter          c_p.l(__scatter.o)
    0x1000105c   0x0000001c   Code   RO          662    !!handler_zi        c_p.l(__scatter_zi.o)
    0x10001078   0x00000002   Code   RO          527    .ARM.Collect$$libinit$$00000000  c_p.l(libinit.o)
    0x1000107a   0x00000000   Code   RO          541    .ARM.Collect$$libinit$$00000002  c_p.l(libinit2.o)
    0x1000107a   0x00000000   Code   RO          543    .ARM.Collect$$libinit$$00000004  c_p.l(libinit2.o)
    0x1000107a   0x00000000   Code   RO          546    .ARM.Collect$$libinit$$0000000A  c_p.l(libinit2.o)
    0x1000107a   0x00000000   Code   RO          548    .ARM.Collect$$libinit$$0000000C  c_p.l(libinit2.o)
    0x1000107a   0x00000000   Code   RO          550    .ARM.Collect$$libinit$$0000000E  c_p.l(libinit2.o)
    0x1000107a   0x00000000   Code   RO          553    .ARM.Collect$$libinit$$00000011  c_p.l(libinit2.o)
    0x1000107a   0x00000000   Code   RO          555    .ARM.Collect$$libinit$$00000013  c_p.l(libinit2.o)
    0x1000107a   0x00000000   Code   RO          557    .ARM.Collect$$libinit$$00000015  c_p.l(libinit2.o)
    0x1000107a   0x00000000   Code   RO          559    .ARM.Collect$$libinit$$00000017  c_p.l(libinit2.o)
    0x1000107a   0x00000000   Code   RO          561    .ARM.Collect$$libinit$$00000019  c_p.l(libinit2.o)
    0x1000107a   0x00000000   Code   RO          563    .ARM.Collect$$libinit$$0000001B  c_p.l(libinit2.o)
    0x1000107a   0x00000000   Code   RO          565    .ARM.Collect$$libinit$$0000001D  c_p.l(libinit2.o)
    0x1000107a   0x00000000   Code   RO          567    .ARM.Collect$$libinit$$0000001F  c_p.l(libinit2.o)
    0x1000107a   0x00000000   Code   RO          569    .ARM.Collect$$libinit$$00000021  c_p.l(libinit2.o)
    0x1000107a   0x00000000   Code   RO          571    .ARM.Collect$$libinit$$00000023  c_p.l(libinit2.o)
    0x1000107a   0x00000000   Code   RO          573    .ARM.Collect$$libinit$$00000025  c_p.l(libinit2.o)
    0x1000107a   0x00000000   Code   RO          577    .ARM.Collect$$libinit$$0000002C  c_p.l(libinit2.o)
    0x1000107a   0x00000000   Code   RO          579    .ARM.Collect$$libinit$$0000002E  c_p.l(libinit2.o)
    0x1000107a   0x00000000   Code   RO          581    .ARM.Collect$$libinit$$00000030  c_p.l(libinit2.o)
    0x1000107a   0x00000000   Code   RO          583    .ARM.Collect$$libinit$$00000032  c_p.l(libinit2.o)
    0x1000107a   0x00000002   Code   RO          584    .ARM.Collect$$libinit$$00000033  c_p.l(libinit2.o)
    0x1000107c   0x00000002   Code   RO          615    .ARM.Collect$$libshutdown$$00000000  c_p.l(libshutdown.o)
    0x1000107e   0x00000000   Code   RO          641    .ARM.Collect$$libshutdown$$00000002  c_p.l(libshutdown2.o)
    0x1000107e   0x00000000   Code   RO          643    .ARM.Collect$$libshutdown$$00000004  c_p.l(libshutdown2.o)
    0x1000107e   0x00000000   Code   RO          646    .ARM.Collect$$libshutdown$$00000007  c_p.l(libshutdown2.o)
    0x1000107e   0x00000000   Code   RO          649    .ARM.Collect$$libshutdown$$0000000A  c_p.l(libshutdown2.o)
    0x1000107e   0x00000000   Code   RO          651    .ARM.Collect$$libshutdown$$0000000C  c_p.l(libshutdown2.o)
    0x1000107e   0x00000000   Code   RO          654    .ARM.Collect$$libshutdown$$0000000F  c_p.l(libshutdown2.o)
    0x1000107e   0x00000002   Code   RO          655    .ARM.Collect$$libshutdown$$00000010  c_p.l(libshutdown2.o)
    0x10001080   0x00000000   Code   RO          490    .ARM.Collect$$rtentry$$00000000  c_p.l(__rtentry.o)
    0x10001080   0x00000000   Code   RO          497    .ARM.Collect$$rtentry$$00000002  c_p.l(__rtentry2.o)
    0x10001080   0x00000006   Code   RO          509    .ARM.Collect$$rtentry$$00000004  c_p.l(__rtentry4.o)
    0x10001086   0x00000000   Code   RO          499    .ARM.Collect$$rtentry$$00000009  c_p.l(__rtentry2.o)
    0x10001086   0x00000004   Code   RO          500    .ARM.Collect$$rtentry$$0000000A  c_p.l(__rtentry2.o)
    0x1000108a   0x00000000   Code   RO          502    .ARM.Collect$$rtentry$$0000000C  c_p.l(__rtentry2.o)
    0x1000108a   0x00000008   Code   RO          503    .ARM.Collect$$rtentry$$0000000D  c_p.l(__rtentry2.o)
    0x10001092   0x00000002   Code   RO          532    .ARM.Collect$$rtexit$$00000000  c_p.l(rtexit.o)
    0x10001094   0x00000000   Code   RO          588    .ARM.Collect$$rtexit$$00000002  c_p.l(rtexit2.o)
    0x10001094   0x00000004   Code   RO          589    .ARM.Collect$$rtexit$$00000003  c_p.l(rtexit2.o)
    0x10001098   0x00000006   Code   RO          590    .ARM.Collect$$rtexit$$00000004  c_p.l(rtexit2.o)
    0x1000109e   0x00000002   PAD
    0x100010a0   0x00000068   Code   RO            4    .text               startup_xmc1100.o
    0x10001108   0x00000060   Code   RO           15    .text               system_xmc1100.o
    0x10001168   0x00000034   Code   RO           60    .text               main_1.o
    0x1000119c   0x00001ad0   Code   RO          119    .text               datatanrsfer.o
    0x10002c6c   0x000003b0   Code   RO          178    .text               eru0.o
    0x1000301c   0x0000004c   Code   RO          211    .text               gpio.o
    0x10003068   0x000000c4   Code   RO          234    .text               mcuinit.o
    0x1000312c   0x00000648   Code   RO          264    .text               uart.o
    0x10003774   0x000001e4   Code   RO          291    .text               init.o
    0x10003958   0x00000244   Code   RO          319    .text               timer.o
    0x10003b9c   0x00000230   Code   RO          343    .text               ds18b20.o
    0x10003dcc   0x0000005c   Code   RO          372    .text               delay.o
    0x10003e28   0x00000044   Code   RO          398    .text               wdt.o
    0x10003e6c   0x00000168   Code   RO          424    .text               24cxx.o
    0x10003fd4   0x00000200   Code   RO          447    .text               myiic.o
    0x100041d4   0x0000015a   Code   RO          476    .text               c_p.l(aeabi_sdiv.o)
    0x1000432e   0x00000006   Code   RO          480    .text               c_p.l(heapauxi.o)
    0x10004334   0x0000006c   Code   RO          484    .text               fz_ps.l(dfixi.o)
    0x100043a0   0x00000058   Code   RO          486    .text               fz_ps.l(dflti.o)
    0x100043f8   0x00000248   Code   RO          488    .text               fz_ps.l(dmul.o)
    0x10004640   0x0000003e   Code   RO          513    .text               c_p.l(sys_stackheap_outer.o)
    0x1000467e   0x00000010   Code   RO          516    .text               c_p.l(exit.o)
    0x1000468e   0x00000002   PAD
    0x10004690   0x00000008   Code   RO          528    .text               c_p.l(libspace.o)
    0x10004698   0x0000000c   Code   RO          585    .text               c_p.l(sys_exit.o)
    0x100046a4   0x00000002   Code   RO          604    .text               c_p.l(use_no_semi.o)
    0x100046a6   0x00000000   Code   RO          606    .text               c_p.l(indicate_semi.o)
    0x100046a6   0x00000056   Code   RO          658    .text               c_p.l(__dczerorl2.o)
    0x100046fc   0x0000001c   Code   RO          138    i.__ARM_common_switch8  datatanrsfer.o
    0x10004718   0x00000000   Code   RO          495    x$fpl$usenofp       fz_ps.l(usenofp.o)
    0x10004718   0x00000020   Data   RO          656    Region$$Table       anon$$obj.o


    Execution Region RW_IRAM1 (Base: 0x20000000, Size: 0x00001ac0, Max: 0x00003ffc, ABSOLUTE, COMPRESSED[0x000000a0])

    Base Addr    Size         Type   Attr      Idx    E Section Name        Object

    0x20000000   0x0000017c   Code   RW            5    .ARM.__at_0x20000000  startup_xmc1100.o
    0x2000017c   0x00000004   Data   RW           16    .data               system_xmc1100.o
    0x20000180   0x000000ae   Data   RW          121    .data               datatanrsfer.o
    0x2000022e   0x00000002   PAD
    0x20000230   0x0000001f   Data   RW          265    .data               uart.o
    0x2000024f   0x00000001   PAD
    0x20000250   0x00000025   Data   RW          293    .data               init.o
    0x20000275   0x00000003   PAD
    0x20000278   0x00000006   Data   RW          344    .data               ds18b20.o
    0x2000027e   0x00000001   Data   RW          448    .data               myiic.o
    0x2000027f   0x00000001   PAD
    0x20000280   0x00000ccb   Zero   RW          120    .bss                datatanrsfer.o
    0x20000f4b   0x00000001   PAD
    0x20000f4c   0x00000514   Zero   RW          292    .bss                init.o
    0x20001460   0x00000060   Zero   RW          529    .bss                c_p.l(libspace.o)
    0x200014c0   0x00000200   Zero   RW            2    HEAP                startup_xmc1100.o
    0x200016c0   0x00000400   Zero   RW            1    STACK               startup_xmc1100.o


==============================================================================

Image component sizes


      Code (inc. data)   RO Data    RW Data    ZI Data      Debug   Object Name

       360          0          0          0          0       2722   24cxx.o
      6892        462          0        174       3275      11982   datatanrsfer.o
        92          4          0          0          0       1128   delay.o
       560         26          0          6          0      14514   ds18b20.o
       944         48          0          0          0      20067   eru0.o
        76          4          0          0          0      12175   gpio.o
       484         22          0         37       1300       2351   init.o
        52          0          0          0          0        411   main_1.o
       196         30          0          0          0      12672   mcuinit.o
       512          8          0          1          0      14159   myiic.o
       484        232         24          0       1536       1028   startup_xmc1100.o
        96         12          0          4          0     142601   system_xmc1100.o
       580         26          0          0          0       1019   timer.o
      1608        122          0         31          0      16012   uart.o
        68         18          0          0          0        470   wdt.o

    ----------------------------------------------------------------------
     13004       1014         56        260       6112     253311   Object Totals
         0          0         32          0          0          0   (incl. Generated)
         0          0          0          7          1          0   (incl. Padding)

    ----------------------------------------------------------------------

      Code (inc. data)   RO Data    RW Data    ZI Data      Debug   Library Member Name

        86          0          0          0          0          0   __dczerorl2.o
         8          0          0          0          0         68   __main.o
         0          0          0          0          0          0   __rtentry.o
        12          0          0          0          0          0   __rtentry2.o
         6          0          0          0          0          0   __rtentry4.o
        60          8          0          0          0          0   __scatter.o
        28          0          0          0          0          0   __scatter_zi.o
       346          0          0          0          0         92   aeabi_sdiv.o
        16          0          0          0          0         68   exit.o
         6          0          0          0          0        136   heapauxi.o
         0          0          0          0          0          0   indicate_semi.o
         2          0          0          0          0          0   libinit.o
         2          0          0          0          0          0   libinit2.o
         2          0          0          0          0          0   libshutdown.o
         2          0          0          0          0          0   libshutdown2.o
         8          4          0          0         96         68   libspace.o
         2          0          0          0          0          0   rtexit.o
        10          0          0          0          0          0   rtexit2.o
        12          4          0          0          0         60   sys_exit.o
        62          0          0          0          0         80   sys_stackheap_outer.o
         2          0          0          0          0         68   use_no_semi.o
       108         10          0          0          0         72   dfixi.o
        88          0          0          0          0         92   dflti.o
       584         26          0          0          0         84   dmul.o
         0          0          0          0          0          0   usenofp.o

    ----------------------------------------------------------------------
      1456         52          0          0         96        888   Library Totals
         4          0          0          0          0          0   (incl. Padding)

    ----------------------------------------------------------------------

      Code (inc. data)   RO Data    RW Data    ZI Data      Debug   Library Name

       672         16          0          0         96        640   c_p.l
       780         36          0          0          0        248   fz_ps.l

    ----------------------------------------------------------------------
      1456         52          0          0         96        888   Library Totals

    ----------------------------------------------------------------------

==============================================================================


      Code (inc. data)   RO Data    RW Data    ZI Data      Debug   

     14460       1066         56        260       6208     253091   Grand Totals
     14460       1066         56        160       6208     253091   ELF Image Totals (compressed)
     14460       1066         56        160          0          0   ROM Totals

==============================================================================

    Total RO  Size (Code + RO Data)                14516 (  14.18kB)
    Total RW  Size (RW Data + ZI Data)              6468 (   6.32kB)
    Total ROM Size (Code + RO Data + RW Data)      14676 (  14.33kB)

==============================================================================

