<html>
<body>
<pre>
<h1>µVision Build Log</h1>
<h2>Project:</h2>
C:\Austin\XMC1000\QQ_Code\WS_Keil\Keil_XMC1100_UART_1302\Keil_XMC1100_UART_1302.uvproj
Project File Date:  11/29/2013

<h2>Output:</h2>
Rebuild target 'Keil_XMC1100_UART_1302'
assembling startup_XMC1100.s...
compiling system_XMC1100.c...
compiling Main.c...
Source\Main.c(66): warning:  #1295-D: Deprecated declaration SystemCoreClockUpdate - give arg types
Source\Main.c(166): warning:  #111-D: statement is unreachable
linking...
Program Size: Code=2240 RO-data=56 RW-data=8 ZI-data=1636  
FromELF: creating hex file...
".\Debug\Keil_XMC1100_UART_1302.axf" - 0 Errors, 2 Warning(s).
Load "C:\\Austin\\XMC1000\\QQ_Code\\WS_Keil\\Keil_XMC1100_UART_1302\\Debug\\Keil_XMC1100_UART_1302.axf" 
Set JLink Project File to "C:\Austin\XMC1000\QQ_Code\WS_Keil\Keil_XMC1100_UART_1302\JLinkSettings.ini"
* JLink Info: Device "XMC1100-T038F0064" selected (64 KB flash, 16 KB RAM).
 
JLink info:
------------
DLL: V4.68a, compiled Apr 12 2013 13:26:50
Firmware: J-Link Lite-XMC4200 Rev.1 compiled Apr  5 2013 17:36:50
Hardware: V1.00
S/N : 591004982 
 
* JLink Info: Found SWD-DP with ID 0x0BB11477
* JLink Info: FPUnit: 4 code (BP) slots and 0 literal slots
* JLink Info: Found Cortex-M0 r0p0, Little endian.
ROMTableAddr = 0xE00FF003
* JLink Info: Performing XMC1000 reset
 
Target info:
------------
Device: XMC1100-64
VTarget = 3.300V
State of Pins: 
TCK: 0, TDI: 0, TDO: 0, TMS: 16, TRES: 0, TRST: 1
Hardware-Breakpoints: 4
Software-Breakpoints: 8192
Watchpoints:          2
JTAG speed: 1539 kHz
 
Erase Done.
Programming Done.
Verify OK.
Load "C:\\Austin\\XMC1000\\QQ_Code\\WS_Keil\\Keil_XMC1100_UART_1302\\Debug\\Keil_XMC1100_UART_1302.axf" 
Set JLink Project File to "C:\Austin\XMC1000\QQ_Code\WS_Keil\Keil_XMC1100_UART_1302\JLinkSettings.ini"
* JLink Info: Device "XMC1100-T038F0064" selected (64 KB flash, 16 KB RAM).
 
JLink info:
------------
DLL: V4.68a, compiled Apr 12 2013 13:26:50
Firmware: J-Link Lite-XMC4200 Rev.1 compiled Apr  5 2013 17:36:50
Hardware: V1.00
S/N : 591004982 
 
* JLink Info: Found SWD-DP with ID 0x0BB11477
* JLink Info: FPUnit: 4 code (BP) slots and 0 literal slots
* JLink Info: Found Cortex-M0 r0p0, Little endian.
ROMTableAddr = 0xE00FF003
* JLink Info: Performing XMC1000 reset
 
Target info:
------------
Device: XMC1100-64
VTarget = 3.300V
State of Pins: 
TCK: 0, TDI: 0, TDO: 0, TMS: 16, TRES: 0, TRST: 1
Hardware-Breakpoints: 4
Software-Breakpoints: 8192
Watchpoints:          2
JTAG speed: 1539 kHz
 
Erase Done.
Programming Done.
Verify OK.
