Component: ARM Compiler 5.06 update 4 (build 422) Tool: armlink [4d35d2]

==============================================================================

Section Cross References

    startup_xmc1100.o(STACK) refers (Special) to heapauxi.o(.text) for __use_two_region_memory
    startup_xmc1100.o(HEAP) refers (Special) to heapauxi.o(.text) for __use_two_region_memory
    startup_xmc1100.o(RESET) refers (Special) to heapauxi.o(.text) for __use_two_region_memory
    startup_xmc1100.o(RESET) refers to startup_xmc1100.o(STACK) for __initial_sp
    startup_xmc1100.o(RESET) refers to startup_xmc1100.o(.text) for Reset_Handler
    startup_xmc1100.o(.text) refers (Special) to heapauxi.o(.text) for __use_two_region_memory
    startup_xmc1100.o(.text) refers to startup_xmc1100.o(STACK) for __initial_sp
    startup_xmc1100.o(.text) refers to system_xmc1100.o(.text) for SystemInit
    startup_xmc1100.o(.text) refers to __main.o(!!!main) for __main
    startup_xmc1100.o(.text) refers to startup_xmc1100.o(HEAP) for Heap_Mem
    startup_xmc1100.o(.ARM.__at_0x20000000) refers (Special) to heapauxi.o(.text) for __use_two_region_memory
    startup_xmc1100.o(.ARM.__at_0x20000000) refers to startup_xmc1100.o(.text) for HardFault_Handler
    startup_xmc1100.o(.ARM.__at_0x20000000) refers to mcuinit.o(.text) for SysTick_Handler
    startup_xmc1100.o(.ARM.__at_0x20000000) refers to eru0.o(.text) for ERU0_0_IRQHandler
    startup_xmc1100.o(.ARM.__at_0x20000000) refers to uart.o(.text) for USIC0_2_IRQHandler
    startup_xmc1100.o(.ARM.__at_0x20000000) refers to timer.o(.text) for CCU40_0_IRQHandler
    system_xmc1100.o(.text) refers to startup_xmc1100.o(.text) for AllowClkInitByStartup
    system_xmc1100.o(.text) refers to aeabi_sdiv.o(.text) for __aeabi_uidivmod
    system_xmc1100.o(.text) refers to system_xmc1100.o(.data) for SystemCoreClock
    main_1.o(.text) refers to mcuinit.o(.text) for MCU_vInit
    main_1.o(.text) refers to 24cxx.o(.text) for AT24CXX_Init
    main_1.o(.text) refers to init.o(.text) for LCD_EE_Init
    main_1.o(.text) refers to ds18b20.o(.text) for DS18B20_Init
    main_1.o(.text) refers to wdt.o(.text) for WDT_vInit
    main_1.o(.text) refers to uart.o(.text) for DealLcdMsg
    main_1.o(.text) refers to datatanrsfer.o(.text) for Ask_Down_data
    datatanrsfer.o(.text) refers to datatanrsfer.o(i.__ARM_common_switch8) for __ARM_common_switch8
    datatanrsfer.o(.text) refers to datatanrsfer.o(.bss) for USART_TX_BUF
    datatanrsfer.o(.text) refers to datatanrsfer.o(.data) for no_opera
    datatanrsfer.o(.text) refers to uart.o(.text) for U0C0_0_UART_SendData
    datatanrsfer.o(.text) refers to 24cxx.o(.text) for AT24CXX_Write
    datatanrsfer.o(.text) refers to init.o(.bss) for Auto_Read_data
    datatanrsfer.o(.text) refers to init.o(.data) for Hand_Read_data
    datatanrsfer.o(.text) refers to aeabi_sdiv.o(.text) for __aeabi_idivmod
    datatanrsfer.o(.text) refers to uart.o(.data) for recev_start
    datatanrsfer.o(.text) refers to ds18b20.o(.text) for DS18B20_Get_Temp
    eru0.o(.text) refers to datatanrsfer.o(.text) for send_lcd_pack
    eru0.o(.text) refers to datatanrsfer.o(.data) for page_flag
    mcuinit.o(.text) refers to uart.o(.text) for UART_1_vInit
    mcuinit.o(.text) refers to system_xmc1100.o(.text) for SystemCoreClockUpdate
    mcuinit.o(.text) refers to timer.o(.text) for CCU4_Init
    mcuinit.o(.text) refers to eru0.o(.text) for ERU0_vInit
    mcuinit.o(.text) refers to gpio.o(.text) for GPIO
    uart.o(.text) refers to datatanrsfer.o(.bss) for USART_RX_BUF
    uart.o(.text) refers to uart.o(.data) for recev_end
    uart.o(.text) refers to datatanrsfer.o(.text) for manage_one_pack
    uart.o(.text) refers to datatanrsfer.o(.data) for i
    init.o(.text) refers to 24cxx.o(.text) for AT24CXX_Read
    init.o(.text) refers to datatanrsfer.o(.text) for send_lcd_pack
    init.o(.text) refers to init.o(.data) for Hand_Read_data
    init.o(.text) refers to init.o(.bss) for Auto_Read_data
    init.o(.text) refers to datatanrsfer.o(.bss) for proce_flag
    timer.o(.text) refers to uart.o(.data) for date1flag
    ds18b20.o(.text) refers to delay.o(.text) for delay_us
    ds18b20.o(.text) refers to dflti.o(.text) for __aeabi_i2d
    ds18b20.o(.text) refers to dmul.o(.text) for __aeabi_dmul
    ds18b20.o(.text) refers to dfixi.o(.text) for __aeabi_d2iz
    ds18b20.o(.text) refers to ds18b20.o(.data) for ds_text
    24cxx.o(.text) refers to myiic.o(.text) for IIC_Init
    24cxx.o(.text) refers to delay.o(.text) for delay_ms
    myiic.o(.text) refers to delay.o(.text) for delay_us
    myiic.o(.text) refers to myiic.o(.data) for num_addr
    __main.o(!!!main) refers to __rtentry.o(.ARM.Collect$$rtentry$$00000000) for __rt_entry
    dfixi.o(.text) refers (Special) to usenofp.o(x$fpl$usenofp) for __I$use$fp
    dflti.o(.text) refers (Special) to usenofp.o(x$fpl$usenofp) for __I$use$fp
    dmul.o(.text) refers (Special) to usenofp.o(x$fpl$usenofp) for __I$use$fp
    __rtentry.o(.ARM.Collect$$rtentry$$00000000) refers (Special) to __rtentry2.o(.ARM.Collect$$rtentry$$0000000A) for __rt_entry_li
    __rtentry.o(.ARM.Collect$$rtentry$$00000000) refers (Special) to __rtentry2.o(.ARM.Collect$$rtentry$$0000000D) for __rt_entry_main
    __rtentry.o(.ARM.Collect$$rtentry$$00000000) refers (Special) to __rtentry2.o(.ARM.Collect$$rtentry$$0000000C) for __rt_entry_postli_1
    __rtentry.o(.ARM.Collect$$rtentry$$00000000) refers (Special) to __rtentry2.o(.ARM.Collect$$rtentry$$00000009) for __rt_entry_postsh_1
    __rtentry.o(.ARM.Collect$$rtentry$$00000000) refers (Special) to __rtentry2.o(.ARM.Collect$$rtentry$$00000002) for __rt_entry_presh_1
    __rtentry.o(.ARM.Collect$$rtentry$$00000000) refers (Special) to __rtentry4.o(.ARM.Collect$$rtentry$$00000004) for __rt_entry_sh
    aeabi_idiv0_sigfpe.o(.text) refers to rt_div0.o(.text) for __rt_div0
    __rtentry2.o(.ARM.Collect$$rtentry$$00000008) refers to boardinit2.o(.text) for _platform_post_stackheap_init
    __rtentry2.o(.ARM.Collect$$rtentry$$0000000A) refers to libinit.o(.ARM.Collect$$libinit$$00000000) for __rt_lib_init
    __rtentry2.o(.ARM.Collect$$rtentry$$0000000B) refers to boardinit3.o(.text) for _platform_post_lib_init
    __rtentry2.o(.ARM.Collect$$rtentry$$0000000D) refers to main_1.o(.text) for main
    __rtentry2.o(.ARM.Collect$$rtentry$$0000000D) refers to exit.o(.text) for exit
    __rtentry2.o(.ARM.exidx) refers to __rtentry2.o(.ARM.Collect$$rtentry$$00000001) for .ARM.Collect$$rtentry$$00000001
    __rtentry2.o(.ARM.exidx) refers to __rtentry2.o(.ARM.Collect$$rtentry$$00000008) for .ARM.Collect$$rtentry$$00000008
    __rtentry2.o(.ARM.exidx) refers to __rtentry2.o(.ARM.Collect$$rtentry$$0000000A) for .ARM.Collect$$rtentry$$0000000A
    __rtentry2.o(.ARM.exidx) refers to __rtentry2.o(.ARM.Collect$$rtentry$$0000000B) for .ARM.Collect$$rtentry$$0000000B
    __rtentry2.o(.ARM.exidx) refers to __rtentry2.o(.ARM.Collect$$rtentry$$0000000D) for .ARM.Collect$$rtentry$$0000000D
    __rtentry4.o(.ARM.Collect$$rtentry$$00000004) refers to sys_stackheap_outer.o(.text) for __user_setup_stackheap
    __rtentry4.o(.ARM.exidx) refers to __rtentry4.o(.ARM.Collect$$rtentry$$00000004) for .ARM.Collect$$rtentry$$00000004
    rt_div0.o(.text) refers to defsig_fpe_outer.o(.text) for __rt_SIGFPE
    sys_stackheap_outer.o(.text) refers to libspace.o(.text) for __user_perproc_libspace
    sys_stackheap_outer.o(.text) refers to startup_xmc1100.o(.text) for __user_initial_stackheap
    sys_stackheap_outer.o(__vectab_stack_and_reset_area) refers to tempstk.o(.text) for __temporary_stack_top
    sys_stackheap_outer.o(__vectab_stack_and_reset_area) refers to __main.o(!!!main) for __main
    exit.o(.text) refers to rtexit.o(.ARM.Collect$$rtexit$$00000000) for __rt_exit
    defsig_fpe_outer.o(.text) refers to defsig_fpe_inner.o(.text) for __rt_SIGFPE_inner
    defsig_fpe_outer.o(.text) refers to defsig_exit.o(.text) for __sig_exit
    defsig_fpe_formal.o(.text) refers to rt_raise.o(.text) for __rt_raise
    libinit.o(.ARM.Collect$$libinit$$00000000) refers (Special) to libinit2.o(.ARM.Collect$$libinit$$0000002E) for __rt_lib_init_alloca_1
    libinit.o(.ARM.Collect$$libinit$$00000000) refers (Special) to libinit2.o(.ARM.Collect$$libinit$$0000002C) for __rt_lib_init_argv_1
    libinit.o(.ARM.Collect$$libinit$$00000000) refers (Special) to libinit2.o(.ARM.Collect$$libinit$$0000001B) for __rt_lib_init_atexit_1
    libinit.o(.ARM.Collect$$libinit$$00000000) refers (Special) to libinit2.o(.ARM.Collect$$libinit$$00000021) for __rt_lib_init_clock_1
    libinit.o(.ARM.Collect$$libinit$$00000000) refers (Special) to libinit2.o(.ARM.Collect$$libinit$$00000032) for __rt_lib_init_cpp_1
    libinit.o(.ARM.Collect$$libinit$$00000000) refers (Special) to libinit2.o(.ARM.Collect$$libinit$$00000030) for __rt_lib_init_exceptions_1
    libinit.o(.ARM.Collect$$libinit$$00000000) refers (Special) to libinit2.o(.ARM.Collect$$libinit$$00000002) for __rt_lib_init_fp_1
    libinit.o(.ARM.Collect$$libinit$$00000000) refers (Special) to libinit2.o(.ARM.Collect$$libinit$$0000001F) for __rt_lib_init_fp_trap_1
    libinit.o(.ARM.Collect$$libinit$$00000000) refers (Special) to libinit2.o(.ARM.Collect$$libinit$$00000023) for __rt_lib_init_getenv_1
    libinit.o(.ARM.Collect$$libinit$$00000000) refers (Special) to libinit2.o(.ARM.Collect$$libinit$$0000000A) for __rt_lib_init_heap_1
    libinit.o(.ARM.Collect$$libinit$$00000000) refers (Special) to libinit2.o(.ARM.Collect$$libinit$$00000011) for __rt_lib_init_lc_collate_1
    libinit.o(.ARM.Collect$$libinit$$00000000) refers (Special) to libinit2.o(.ARM.Collect$$libinit$$00000013) for __rt_lib_init_lc_ctype_1
    libinit.o(.ARM.Collect$$libinit$$00000000) refers (Special) to libinit2.o(.ARM.Collect$$libinit$$00000015) for __rt_lib_init_lc_monetary_1
    libinit.o(.ARM.Collect$$libinit$$00000000) refers (Special) to libinit2.o(.ARM.Collect$$libinit$$00000017) for __rt_lib_init_lc_numeric_1
    libinit.o(.ARM.Collect$$libinit$$00000000) refers (Special) to libinit2.o(.ARM.Collect$$libinit$$00000019) for __rt_lib_init_lc_time_1
    libinit.o(.ARM.Collect$$libinit$$00000000) refers (Special) to libinit2.o(.ARM.Collect$$libinit$$00000004) for __rt_lib_init_preinit_1
    libinit.o(.ARM.Collect$$libinit$$00000000) refers (Special) to libinit2.o(.ARM.Collect$$libinit$$0000000E) for __rt_lib_init_rand_1
    libinit.o(.ARM.Collect$$libinit$$00000000) refers (Special) to libinit2.o(.ARM.Collect$$libinit$$00000033) for __rt_lib_init_return
    libinit.o(.ARM.Collect$$libinit$$00000000) refers (Special) to libinit2.o(.ARM.Collect$$libinit$$0000001D) for __rt_lib_init_signal_1
    libinit.o(.ARM.Collect$$libinit$$00000000) refers (Special) to libinit2.o(.ARM.Collect$$libinit$$00000025) for __rt_lib_init_stdio_1
    libinit.o(.ARM.Collect$$libinit$$00000000) refers (Special) to libinit2.o(.ARM.Collect$$libinit$$0000000C) for __rt_lib_init_user_alloc_1
    libspace.o(.text) refers to libspace.o(.bss) for __libspace_start
    rtexit.o(.ARM.Collect$$rtexit$$00000000) refers (Special) to rtexit2.o(.ARM.Collect$$rtexit$$00000004) for __rt_exit_exit
    rtexit.o(.ARM.Collect$$rtexit$$00000000) refers (Special) to rtexit2.o(.ARM.Collect$$rtexit$$00000003) for __rt_exit_ls
    rtexit.o(.ARM.Collect$$rtexit$$00000000) refers (Special) to rtexit2.o(.ARM.Collect$$rtexit$$00000002) for __rt_exit_prels_1
    rtexit.o(.ARM.exidx) refers (Special) to rtexit2.o(.ARM.Collect$$rtexit$$00000004) for __rt_exit_exit
    rtexit.o(.ARM.exidx) refers (Special) to rtexit2.o(.ARM.Collect$$rtexit$$00000003) for __rt_exit_ls
    rtexit.o(.ARM.exidx) refers (Special) to rtexit2.o(.ARM.Collect$$rtexit$$00000002) for __rt_exit_prels_1
    rtexit.o(.ARM.exidx) refers to rtexit.o(.ARM.Collect$$rtexit$$00000000) for .ARM.Collect$$rtexit$$00000000
    rt_raise.o(.text) refers to __raise.o(.text) for __raise
    rt_raise.o(.text) refers to sys_exit.o(.text) for _sys_exit
    defsig_exit.o(.text) refers to sys_exit.o(.text) for _sys_exit
    defsig_fpe_inner.o(.text) refers to defsig_general.o(.text) for __default_signal_display
    libinit2.o(.ARM.Collect$$libinit$$00000010) refers to libinit2.o(.ARM.Collect$$libinit$$0000000F) for .ARM.Collect$$libinit$$0000000F
    libinit2.o(.ARM.Collect$$libinit$$00000012) refers to libinit2.o(.ARM.Collect$$libinit$$0000000F) for .ARM.Collect$$libinit$$0000000F
    libinit2.o(.ARM.Collect$$libinit$$00000014) refers to libinit2.o(.ARM.Collect$$libinit$$0000000F) for .ARM.Collect$$libinit$$0000000F
    libinit2.o(.ARM.Collect$$libinit$$00000016) refers to libinit2.o(.ARM.Collect$$libinit$$0000000F) for .ARM.Collect$$libinit$$0000000F
    libinit2.o(.ARM.Collect$$libinit$$00000018) refers to libinit2.o(.ARM.Collect$$libinit$$0000000F) for .ARM.Collect$$libinit$$0000000F
    libinit2.o(.ARM.Collect$$libinit$$00000026) refers to argv_veneer.o(.text) for __ARM_argv_veneer
    libinit2.o(.ARM.Collect$$libinit$$00000027) refers to argv_veneer.o(.text) for __ARM_argv_veneer
    sys_exit.o(.text) refers (Special) to use_no_semi.o(.text) for __I$use$semihosting
    sys_exit.o(.text) refers (Special) to indicate_semi.o(.text) for __semihosting_library_function
    rtexit2.o(.ARM.Collect$$rtexit$$00000003) refers to libshutdown.o(.ARM.Collect$$libshutdown$$00000000) for __rt_lib_shutdown
    rtexit2.o(.ARM.Collect$$rtexit$$00000004) refers to sys_exit.o(.text) for _sys_exit
    rtexit2.o(.ARM.exidx) refers to rtexit2.o(.ARM.Collect$$rtexit$$00000001) for .ARM.Collect$$rtexit$$00000001
    rtexit2.o(.ARM.exidx) refers to rtexit2.o(.ARM.Collect$$rtexit$$00000003) for .ARM.Collect$$rtexit$$00000003
    rtexit2.o(.ARM.exidx) refers to rtexit2.o(.ARM.Collect$$rtexit$$00000004) for .ARM.Collect$$rtexit$$00000004
    __raise.o(.text) refers to defsig.o(CL$$defsig) for __default_signal_handler
    defsig_general.o(.text) refers to sys_wrch.o(.text) for _ttywrch
    sys_wrch.o(.text) refers (Special) to use_no_semi.o(.text) for __I$use$semihosting
    sys_wrch.o(.text) refers (Special) to indicate_semi.o(.text) for __semihosting_library_function
    defsig.o(CL$$defsig) refers to defsig_fpe_inner.o(.text) for __rt_SIGFPE_inner
    defsig.o(CL$$defsig) refers to defsig_rtmem_inner.o(.text) for __rt_SIGRTMEM_inner
    _get_argv_nomalloc.o(.text) refers (Special) to hrguard.o(.text) for __heap_region$guard
    _get_argv_nomalloc.o(.text) refers to defsig_rtmem_outer.o(.text) for __rt_SIGRTMEM
    _get_argv_nomalloc.o(.text) refers to sys_command.o(.text) for _sys_command_string
    libshutdown.o(.ARM.Collect$$libshutdown$$00000000) refers (Special) to libshutdown2.o(.ARM.Collect$$libshutdown$$00000002) for __rt_lib_shutdown_cpp_1
    libshutdown.o(.ARM.Collect$$libshutdown$$00000000) refers (Special) to libshutdown2.o(.ARM.Collect$$libshutdown$$00000007) for __rt_lib_shutdown_fp_trap_1
    libshutdown.o(.ARM.Collect$$libshutdown$$00000000) refers (Special) to libshutdown2.o(.ARM.Collect$$libshutdown$$0000000F) for __rt_lib_shutdown_heap_1
    libshutdown.o(.ARM.Collect$$libshutdown$$00000000) refers (Special) to libshutdown2.o(.ARM.Collect$$libshutdown$$00000010) for __rt_lib_shutdown_return
    libshutdown.o(.ARM.Collect$$libshutdown$$00000000) refers (Special) to libshutdown2.o(.ARM.Collect$$libshutdown$$0000000A) for __rt_lib_shutdown_signal_1
    libshutdown.o(.ARM.Collect$$libshutdown$$00000000) refers (Special) to libshutdown2.o(.ARM.Collect$$libshutdown$$00000004) for __rt_lib_shutdown_stdio_1
    libshutdown.o(.ARM.Collect$$libshutdown$$00000000) refers (Special) to libshutdown2.o(.ARM.Collect$$libshutdown$$0000000C) for __rt_lib_shutdown_user_alloc_1
    sys_command.o(.text) refers (Special) to use_no_semi.o(.text) for __I$use$semihosting
    sys_command.o(.text) refers (Special) to indicate_semi.o(.text) for __semihosting_library_function
    defsig_abrt_inner.o(.text) refers to defsig_general.o(.text) for __default_signal_display
    defsig_rtred_inner.o(.text) refers to defsig_general.o(.text) for __default_signal_display
    defsig_rtmem_inner.o(.text) refers to defsig_general.o(.text) for __default_signal_display
    defsig_rtmem_outer.o(.text) refers to defsig_rtmem_inner.o(.text) for __rt_SIGRTMEM_inner
    defsig_rtmem_outer.o(.text) refers to defsig_exit.o(.text) for __sig_exit
    defsig_rtmem_formal.o(.text) refers to rt_raise.o(.text) for __rt_raise
    defsig_stak_inner.o(.text) refers to defsig_general.o(.text) for __default_signal_display
    defsig_pvfn_inner.o(.text) refers to defsig_general.o(.text) for __default_signal_display
    defsig_cppl_inner.o(.text) refers to defsig_general.o(.text) for __default_signal_display
    defsig_segv_inner.o(.text) refers to defsig_general.o(.text) for __default_signal_display
    defsig_other.o(.text) refers to defsig_general.o(.text) for __default_signal_display


==============================================================================

Removing Unused input sections from the image.

    Removing system_xmc1100.o(.rev16_text), (4 bytes).
    Removing system_xmc1100.o(.revsh_text), (4 bytes).
    Removing main_1.o(.rev16_text), (4 bytes).
    Removing main_1.o(.revsh_text), (4 bytes).
    Removing main_1.o(.data), (12 bytes).
    Removing datatanrsfer.o(.rev16_text), (4 bytes).
    Removing datatanrsfer.o(.revsh_text), (4 bytes).
    Removing eru0.o(.rev16_text), (4 bytes).
    Removing eru0.o(.revsh_text), (4 bytes).
    Removing eru0.o(.data), (14 bytes).
    Removing gpio.o(.rev16_text), (4 bytes).
    Removing gpio.o(.revsh_text), (4 bytes).
    Removing mcuinit.o(.rev16_text), (4 bytes).
    Removing mcuinit.o(.revsh_text), (4 bytes).
    Removing mcuinit.o(.data), (4 bytes).
    Removing uart.o(.rev16_text), (4 bytes).
    Removing uart.o(.revsh_text), (4 bytes).
    Removing init.o(.rev16_text), (4 bytes).
    Removing init.o(.revsh_text), (4 bytes).
    Removing timer.o(.rev16_text), (4 bytes).
    Removing timer.o(.revsh_text), (4 bytes).
    Removing ds18b20.o(.rev16_text), (4 bytes).
    Removing ds18b20.o(.revsh_text), (4 bytes).
    Removing delay.o(.rev16_text), (4 bytes).
    Removing delay.o(.revsh_text), (4 bytes).
    Removing wdt.o(.rev16_text), (4 bytes).
    Removing wdt.o(.revsh_text), (4 bytes).
    Removing wdt.o(.data), (8 bytes).
    Removing 24cxx.o(.rev16_text), (4 bytes).
    Removing 24cxx.o(.revsh_text), (4 bytes).
    Removing myiic.o(.rev16_text), (4 bytes).
    Removing myiic.o(.revsh_text), (4 bytes).

32 unused section(s) (total 150 bytes) removed from the image.

==============================================================================

Image Symbol Table

    Local Symbols

    Symbol Name                              Value     Ov Type        Size  Object(Section)

    ../clib/../cmprslib/zerorunl2.c          0x00000000   Number         0  __dczerorl2.o ABSOLUTE
    ../clib/angel/boardlib.s                 0x00000000   Number         0  boardinit3.o ABSOLUTE
    ../clib/angel/boardlib.s                 0x00000000   Number         0  boardinit2.o ABSOLUTE
    ../clib/angel/boardlib.s                 0x00000000   Number         0  boardinit1.o ABSOLUTE
    ../clib/angel/boardlib.s                 0x00000000   Number         0  boardshut.o ABSOLUTE
    ../clib/angel/handlers.s                 0x00000000   Number         0  __scatter_zi.o ABSOLUTE
    ../clib/angel/kernel.s                   0x00000000   Number         0  __rtentry2.o ABSOLUTE
    ../clib/angel/kernel.s                   0x00000000   Number         0  rtexit2.o ABSOLUTE
    ../clib/angel/kernel.s                   0x00000000   Number         0  rtexit.o ABSOLUTE
    ../clib/angel/kernel.s                   0x00000000   Number         0  __rtentry4.o ABSOLUTE
    ../clib/angel/kernel.s                   0x00000000   Number         0  __rtentry.o ABSOLUTE
    ../clib/angel/rt.s                       0x00000000   Number         0  rt_raise.o ABSOLUTE
    ../clib/angel/rt.s                       0x00000000   Number         0  rt_div0.o ABSOLUTE
    ../clib/angel/rt.s                       0x00000000   Number         0  aeabi_idiv0.o ABSOLUTE
    ../clib/angel/rt.s                       0x00000000   Number         0  aeabi_idiv0_sigfpe.o ABSOLUTE
    ../clib/angel/scatterp.s                 0x00000000   Number         0  __scatter.o ABSOLUTE
    ../clib/angel/startup.s                  0x00000000   Number         0  __main.o ABSOLUTE
    ../clib/angel/sys.s                      0x00000000   Number         0  tempstk.o ABSOLUTE
    ../clib/angel/sys.s                      0x00000000   Number         0  libspace.o ABSOLUTE
    ../clib/angel/sys.s                      0x00000000   Number         0  sys_stackheap_outer.o ABSOLUTE
    ../clib/angel/sys.s                      0x00000000   Number         0  indicate_semi.o ABSOLUTE
    ../clib/angel/sys.s                      0x00000000   Number         0  use_no_semi.o ABSOLUTE
    ../clib/angel/sysapp.c                   0x00000000   Number         0  sys_exit.o ABSOLUTE
    ../clib/angel/sysapp.c                   0x00000000   Number         0  sys_command.o ABSOLUTE
    ../clib/angel/sysapp.c                   0x00000000   Number         0  sys_wrch.o ABSOLUTE
    ../clib/armsys.c                         0x00000000   Number         0  argv_veneer.o ABSOLUTE
    ../clib/armsys.c                         0x00000000   Number         0  no_argv.o ABSOLUTE
    ../clib/armsys.c                         0x00000000   Number         0  _get_argv_nomalloc.o ABSOLUTE
    ../clib/division.s                       0x00000000   Number         0  aeabi_sdiv.o ABSOLUTE
    ../clib/division.s                       0x00000000   Number         0  aeabi_sdiv_div0.o ABSOLUTE
    ../clib/heapalloc.c                      0x00000000   Number         0  hrguard.o ABSOLUTE
    ../clib/heapaux.c                        0x00000000   Number         0  heapauxi.o ABSOLUTE
    ../clib/libinit.s                        0x00000000   Number         0  libshutdown.o ABSOLUTE
    ../clib/libinit.s                        0x00000000   Number         0  libinit2.o ABSOLUTE
    ../clib/libinit.s                        0x00000000   Number         0  libshutdown2.o ABSOLUTE
    ../clib/libinit.s                        0x00000000   Number         0  libinit.o ABSOLUTE
    ../clib/signal.c                         0x00000000   Number         0  defsig_general.o ABSOLUTE
    ../clib/signal.c                         0x00000000   Number         0  defsig_abrt_inner.o ABSOLUTE
    ../clib/signal.c                         0x00000000   Number         0  defsig_rtred_inner.o ABSOLUTE
    ../clib/signal.c                         0x00000000   Number         0  defsig_rtmem_inner.o ABSOLUTE
    ../clib/signal.c                         0x00000000   Number         0  defsig_rtmem_outer.o ABSOLUTE
    ../clib/signal.c                         0x00000000   Number         0  defsig_pvfn_inner.o ABSOLUTE
    ../clib/signal.c                         0x00000000   Number         0  defsig_rtmem_formal.o ABSOLUTE
    ../clib/signal.c                         0x00000000   Number         0  defsig_fpe_inner.o ABSOLUTE
    ../clib/signal.c                         0x00000000   Number         0  defsig_stak_inner.o ABSOLUTE
    ../clib/signal.c                         0x00000000   Number         0  defsig_exit.o ABSOLUTE
    ../clib/signal.c                         0x00000000   Number         0  defsig_cppl_inner.o ABSOLUTE
    ../clib/signal.c                         0x00000000   Number         0  defsig_segv_inner.o ABSOLUTE
    ../clib/signal.c                         0x00000000   Number         0  defsig_other.o ABSOLUTE
    ../clib/signal.c                         0x00000000   Number         0  defsig_fpe_outer.o ABSOLUTE
    ../clib/signal.c                         0x00000000   Number         0  defsig_fpe_formal.o ABSOLUTE
    ../clib/signal.c                         0x00000000   Number         0  __raise.o ABSOLUTE
    ../clib/signal.s                         0x00000000   Number         0  defsig.o ABSOLUTE
    ../clib/stdlib.c                         0x00000000   Number         0  exit.o ABSOLUTE
    ../fplib/cfplib/dmul.c                   0x00000000   Number         0  dmul.o ABSOLUTE
    ../fplib/cfplib/ffix.c                   0x00000000   Number         0  dfixi.o ABSOLUTE
    ../fplib/cfplib/fflt.c                   0x00000000   Number         0  dflti.o ABSOLUTE
    ../fplib/cfplib/fpinit.c                 0x00000000   Number         0  fpinit.o ABSOLUTE
    ../fplib/usenofp.s                       0x00000000   Number         0  usenofp.o ABSOLUTE
    HARDWARE\24CXX\24cxx.c                   0x00000000   Number         0  24cxx.o ABSOLUTE
    HARDWARE\DS18B20\ds18b20.c               0x00000000   Number         0  ds18b20.o ABSOLUTE
    HARDWARE\IIC\myiic.c                     0x00000000   Number         0  myiic.o ABSOLUTE
    HARDWARE\TIMER\timer.c                   0x00000000   Number         0  timer.o ABSOLUTE
    HARDWARE\\24CXX\\24cxx.c                 0x00000000   Number         0  24cxx.o ABSOLUTE
    HARDWARE\\DS18B20\\ds18b20.c             0x00000000   Number         0  ds18b20.o ABSOLUTE
    HARDWARE\\IIC\\myiic.c                   0x00000000   Number         0  myiic.o ABSOLUTE
    HARDWARE\\TIMER\\timer.c                 0x00000000   Number         0  timer.o ABSOLUTE
    MCUINIT\ERU0.c                           0x00000000   Number         0  eru0.o ABSOLUTE
    MCUINIT\GPIO.c                           0x00000000   Number         0  gpio.o ABSOLUTE
    MCUINIT\Init\init.c                      0x00000000   Number         0  init.o ABSOLUTE
    MCUINIT\MCUInit.c                        0x00000000   Number         0  mcuinit.o ABSOLUTE
    MCUINIT\UART.c                           0x00000000   Number         0  uart.o ABSOLUTE
    MCUINIT\\ERU0.c                          0x00000000   Number         0  eru0.o ABSOLUTE
    MCUINIT\\GPIO.c                          0x00000000   Number         0  gpio.o ABSOLUTE
    MCUINIT\\Init\\init.c                    0x00000000   Number         0  init.o ABSOLUTE
    MCUINIT\\MCUInit.c                       0x00000000   Number         0  mcuinit.o ABSOLUTE
    MCUINIT\\UART.c                          0x00000000   Number         0  uart.o ABSOLUTE
    MCUINIT\\datatanrsfer.c                  0x00000000   Number         0  datatanrsfer.o ABSOLUTE
    MCUINIT\\delay.c                         0x00000000   Number         0  delay.o ABSOLUTE
    MCUINIT\datatanrsfer.c                   0x00000000   Number         0  datatanrsfer.o ABSOLUTE
    MCUINIT\delay.c                          0x00000000   Number         0  delay.o ABSOLUTE
    Main.c                                   0x00000000   Number         0  main_1.o ABSOLUTE
    Main.c                                   0x00000000   Number         0  main_1.o ABSOLUTE
    Startup\\startup_XMC1100.s               0x00000000   Number         0  startup_xmc1100.o ABSOLUTE
    Startup\\system_XMC1100.c                0x00000000   Number         0  system_xmc1100.o ABSOLUTE
    Startup\system_XMC1100.c                 0x00000000   Number         0  system_xmc1100.o ABSOLUTE
    WDT\WDT.c                                0x00000000   Number         0  wdt.o ABSOLUTE
    WDT\\WDT.c                               0x00000000   Number         0  wdt.o ABSOLUTE
    dc.s                                     0x00000000   Number         0  dc.o ABSOLUTE
    RESET                                    0x10001000   Section       24  startup_xmc1100.o(RESET)
    !!!main                                  0x10001018   Section        8  __main.o(!!!main)
    !!!scatter                               0x10001020   Section       60  __scatter.o(!!!scatter)
    !!handler_zi                             0x1000105c   Section       28  __scatter_zi.o(!!handler_zi)
    .ARM.Collect$$libinit$$00000000          0x10001078   Section        2  libinit.o(.ARM.Collect$$libinit$$00000000)
    .ARM.Collect$$libinit$$00000002          0x1000107a   Section        0  libinit2.o(.ARM.Collect$$libinit$$00000002)
    .ARM.Collect$$libinit$$00000004          0x1000107a   Section        0  libinit2.o(.ARM.Collect$$libinit$$00000004)
    .ARM.Collect$$libinit$$0000000A          0x1000107a   Section        0  libinit2.o(.ARM.Collect$$libinit$$0000000A)
    .ARM.Collect$$libinit$$0000000C          0x1000107a   Section        0  libinit2.o(.ARM.Collect$$libinit$$0000000C)
    .ARM.Collect$$libinit$$0000000E          0x1000107a   Section        0  libinit2.o(.ARM.Collect$$libinit$$0000000E)
    .ARM.Collect$$libinit$$00000011          0x1000107a   Section        0  libinit2.o(.ARM.Collect$$libinit$$00000011)
    .ARM.Collect$$libinit$$00000013          0x1000107a   Section        0  libinit2.o(.ARM.Collect$$libinit$$00000013)
    .ARM.Collect$$libinit$$00000015          0x1000107a   Section        0  libinit2.o(.ARM.Collect$$libinit$$00000015)
    .ARM.Collect$$libinit$$00000017          0x1000107a   Section        0  libinit2.o(.ARM.Collect$$libinit$$00000017)
    .ARM.Collect$$libinit$$00000019          0x1000107a   Section        0  libinit2.o(.ARM.Collect$$libinit$$00000019)
    .ARM.Collect$$libinit$$0000001B          0x1000107a   Section        0  libinit2.o(.ARM.Collect$$libinit$$0000001B)
    .ARM.Collect$$libinit$$0000001D          0x1000107a   Section        0  libinit2.o(.ARM.Collect$$libinit$$0000001D)
    .ARM.Collect$$libinit$$0000001F          0x1000107a   Section        0  libinit2.o(.ARM.Collect$$libinit$$0000001F)
    .ARM.Collect$$libinit$$00000021          0x1000107a   Section        0  libinit2.o(.ARM.Collect$$libinit$$00000021)
    .ARM.Collect$$libinit$$00000023          0x1000107a   Section        0  libinit2.o(.ARM.Collect$$libinit$$00000023)
    .ARM.Collect$$libinit$$00000025          0x1000107a   Section        0  libinit2.o(.ARM.Collect$$libinit$$00000025)
    .ARM.Collect$$libinit$$0000002C          0x1000107a   Section        0  libinit2.o(.ARM.Collect$$libinit$$0000002C)
    .ARM.Collect$$libinit$$0000002E          0x1000107a   Section        0  libinit2.o(.ARM.Collect$$libinit$$0000002E)
    .ARM.Collect$$libinit$$00000030          0x1000107a   Section        0  libinit2.o(.ARM.Collect$$libinit$$00000030)
    .ARM.Collect$$libinit$$00000032          0x1000107a   Section        0  libinit2.o(.ARM.Collect$$libinit$$00000032)
    .ARM.Collect$$libinit$$00000033          0x1000107a   Section        2  libinit2.o(.ARM.Collect$$libinit$$00000033)
    .ARM.Collect$$libshutdown$$00000000      0x1000107c   Section        2  libshutdown.o(.ARM.Collect$$libshutdown$$00000000)
    .ARM.Collect$$libshutdown$$00000002      0x1000107e   Section        0  libshutdown2.o(.ARM.Collect$$libshutdown$$00000002)
    .ARM.Collect$$libshutdown$$00000004      0x1000107e   Section        0  libshutdown2.o(.ARM.Collect$$libshutdown$$00000004)
    .ARM.Collect$$libshutdown$$00000007      0x1000107e   Section        0  libshutdown2.o(.ARM.Collect$$libshutdown$$00000007)
    .ARM.Collect$$libshutdown$$0000000A      0x1000107e   Section        0  libshutdown2.o(.ARM.Collect$$libshutdown$$0000000A)
    .ARM.Collect$$libshutdown$$0000000C      0x1000107e   Section        0  libshutdown2.o(.ARM.Collect$$libshutdown$$0000000C)
    .ARM.Collect$$libshutdown$$0000000F      0x1000107e   Section        0  libshutdown2.o(.ARM.Collect$$libshutdown$$0000000F)
    .ARM.Collect$$libshutdown$$00000010      0x1000107e   Section        2  libshutdown2.o(.ARM.Collect$$libshutdown$$00000010)
    .ARM.Collect$$rtentry$$00000000          0x10001080   Section        0  __rtentry.o(.ARM.Collect$$rtentry$$00000000)
    .ARM.Collect$$rtentry$$00000002          0x10001080   Section        0  __rtentry2.o(.ARM.Collect$$rtentry$$00000002)
    .ARM.Collect$$rtentry$$00000004          0x10001080   Section        6  __rtentry4.o(.ARM.Collect$$rtentry$$00000004)
    .ARM.Collect$$rtentry$$00000009          0x10001086   Section        0  __rtentry2.o(.ARM.Collect$$rtentry$$00000009)
    .ARM.Collect$$rtentry$$0000000A          0x10001086   Section        4  __rtentry2.o(.ARM.Collect$$rtentry$$0000000A)
    .ARM.Collect$$rtentry$$0000000C          0x1000108a   Section        0  __rtentry2.o(.ARM.Collect$$rtentry$$0000000C)
    .ARM.Collect$$rtentry$$0000000D          0x1000108a   Section        8  __rtentry2.o(.ARM.Collect$$rtentry$$0000000D)
    .ARM.Collect$$rtexit$$00000000           0x10001092   Section        2  rtexit.o(.ARM.Collect$$rtexit$$00000000)
    .ARM.Collect$$rtexit$$00000002           0x10001094   Section        0  rtexit2.o(.ARM.Collect$$rtexit$$00000002)
    .ARM.Collect$$rtexit$$00000003           0x10001094   Section        4  rtexit2.o(.ARM.Collect$$rtexit$$00000003)
    .ARM.Collect$$rtexit$$00000004           0x10001098   Section        6  rtexit2.o(.ARM.Collect$$rtexit$$00000004)
    .text                                    0x100010a0   Section      104  startup_xmc1100.o(.text)
    .text                                    0x10001108   Section        0  system_xmc1100.o(.text)
    .text                                    0x10001168   Section        0  main_1.o(.text)
    .text                                    0x10001198   Section        0  datatanrsfer.o(.text)
    .text                                    0x10002f74   Section        0  eru0.o(.text)
    P2_8_read                                0x100032d9   Thumb Code    14  eru0.o(.text)
    P2_9_read                                0x100032e7   Thumb Code    14  eru0.o(.text)
    .text                                    0x10003324   Section        0  gpio.o(.text)
    .text                                    0x10003370   Section        0  mcuinit.o(.text)
    __NVIC_EnableIRQ                         0x100033f3   Thumb Code    18  mcuinit.o(.text)
    __NVIC_ClearPendingIRQ                   0x10003405   Thumb Code    18  mcuinit.o(.text)
    .text                                    0x10003434   Section        0  uart.o(.text)
    __NVIC_EnableIRQ                         0x10003a5f   Thumb Code    18  uart.o(.text)
    __NVIC_ClearPendingIRQ                   0x10003a71   Thumb Code    18  uart.o(.text)
    .text                                    0x10003ad0   Section        0  init.o(.text)
    .text                                    0x10003c2c   Section        0  timer.o(.text)
    .text                                    0x10003e70   Section        0  ds18b20.o(.text)
    P2_0_set_mode                            0x1000405f   Thumb Code    22  ds18b20.o(.text)
    P2_0_set                                 0x10004075   Thumb Code     8  ds18b20.o(.text)
    P2_0_reset                               0x1000407d   Thumb Code    10  ds18b20.o(.text)
    .text                                    0x100040a0   Section        0  delay.o(.text)
    .text                                    0x100040fc   Section        0  wdt.o(.text)
    .text                                    0x10004140   Section        0  24cxx.o(.text)
    .text                                    0x100042a8   Section        0  myiic.o(.text)
    P0_0_set                                 0x10004455   Thumb Code     8  myiic.o(.text)
    P0_0_reset                               0x1000445d   Thumb Code    10  myiic.o(.text)
    P0_1_set_mode                            0x10004467   Thumb Code    28  myiic.o(.text)
    P0_1_set                                 0x10004483   Thumb Code    10  myiic.o(.text)
    P0_1_reset                               0x1000448d   Thumb Code    10  myiic.o(.text)
    P0_1_read                                0x10004497   Thumb Code    10  myiic.o(.text)
    .text                                    0x100044a8   Section      346  aeabi_sdiv.o(.text)
    .text                                    0x10004602   Section        0  heapauxi.o(.text)
    .text                                    0x10004608   Section        0  dfixi.o(.text)
    .text                                    0x10004674   Section        0  dflti.o(.text)
    .text                                    0x100046cc   Section        0  dmul.o(.text)
    .text                                    0x10004914   Section       62  sys_stackheap_outer.o(.text)
    .text                                    0x10004952   Section        0  exit.o(.text)
    .text                                    0x10004964   Section        8  libspace.o(.text)
    .text                                    0x1000496c   Section        0  sys_exit.o(.text)
    .text                                    0x10004978   Section        2  use_no_semi.o(.text)
    .text                                    0x1000497a   Section        0  indicate_semi.o(.text)
    .text                                    0x1000497a   Section        0  __dczerorl2.o(.text)
    i.__ARM_common_switch8                   0x100049d0   Section        0  datatanrsfer.o(i.__ARM_common_switch8)
    x$fpl$usenofp                            0x100049ec   Section        0  usenofp.o(x$fpl$usenofp)
    .ARM.__at_0x20000000                     0x20000000   Section      380  startup_xmc1100.o(.ARM.__at_0x20000000)
    .data                                    0x2000017c   Section        4  system_xmc1100.o(.data)
    .data                                    0x20000180   Section      188  datatanrsfer.o(.data)
    .data                                    0x2000023c   Section       40  uart.o(.data)
    .data                                    0x20000264   Section       37  init.o(.data)
    .data                                    0x2000028c   Section        6  ds18b20.o(.data)
    .data                                    0x20000292   Section        1  myiic.o(.data)
    .bss                                     0x20000294   Section     3275  datatanrsfer.o(.bss)
    .bss                                     0x20000f60   Section     1300  init.o(.bss)
    .bss                                     0x20001474   Section       96  libspace.o(.bss)
    HEAP                                     0x200014d8   Section      512  startup_xmc1100.o(HEAP)
    Heap_Mem                                 0x200014d8   Data         512  startup_xmc1100.o(HEAP)
    STACK                                    0x200016d8   Section     1024  startup_xmc1100.o(STACK)
    Stack_Mem                                0x200016d8   Data        1024  startup_xmc1100.o(STACK)
    __initial_sp                             0x20001ad8   Data           0  startup_xmc1100.o(STACK)

    Global Symbols

    Symbol Name                              Value     Ov Type        Size  Object(Section)

    BuildAttributes$$THM_ISAv3M$S$PE$A:L22$X:L11$S22$IEEE1$IW$USESV6$~STKCKD$USESV7$~SHL$OSPACE$ROPI$EBA8$UX$STANDARDLIB$REQ8$PRES8$EABIv2 0x00000000   Number         0  anon$$obj.o ABSOLUTE
    __ARM_use_no_argv                        0x00000000   Number         0  main_1.o ABSOLUTE
    __ARM_exceptions_init                     - Undefined Weak Reference
    __alloca_initialize                       - Undefined Weak Reference
    __arm_preinit_                            - Undefined Weak Reference
    __cpp_initialize__aeabi_                  - Undefined Weak Reference
    __cxa_finalize                            - Undefined Weak Reference
    __rt_locale                               - Undefined Weak Reference
    __sigvec_lookup                           - Undefined Weak Reference
    _atexit_init                              - Undefined Weak Reference
    _call_atexit_fns                          - Undefined Weak Reference
    _clock_init                               - Undefined Weak Reference
    _fp_trap_init                             - Undefined Weak Reference
    _fp_trap_shutdown                         - Undefined Weak Reference
    _get_lc_collate                           - Undefined Weak Reference
    _get_lc_ctype                             - Undefined Weak Reference
    _get_lc_monetary                          - Undefined Weak Reference
    _get_lc_numeric                           - Undefined Weak Reference
    _get_lc_time                              - Undefined Weak Reference
    _getenv_init                              - Undefined Weak Reference
    _handle_redirection                       - Undefined Weak Reference
    _init_alloc                               - Undefined Weak Reference
    _init_user_alloc                          - Undefined Weak Reference
    _initio                                   - Undefined Weak Reference
    _rand_init                                - Undefined Weak Reference
    _signal_finish                            - Undefined Weak Reference
    _signal_init                              - Undefined Weak Reference
    _terminate_alloc                          - Undefined Weak Reference
    _terminate_user_alloc                     - Undefined Weak Reference
    _terminateio                              - Undefined Weak Reference
    __Vectors_Size                           0x00000018   Number         0  startup_xmc1100.o ABSOLUTE
    __Vectors                                0x10001000   Data           0  startup_xmc1100.o(RESET)
    __Vectors_End                            0x10001018   Data           0  startup_xmc1100.o(RESET)
    __main                                   0x10001019   Thumb Code     8  __main.o(!!!main)
    __scatterload                            0x10001021   Thumb Code     0  __scatter.o(!!!scatter)
    __scatterload_rt2                        0x10001021   Thumb Code    52  __scatter.o(!!!scatter)
    __scatterload_rt2_thumb_only             0x10001021   Thumb Code     0  __scatter.o(!!!scatter)
    __scatterload_null                       0x10001031   Thumb Code     0  __scatter.o(!!!scatter)
    __scatterload_zeroinit                   0x1000105d   Thumb Code    28  __scatter_zi.o(!!handler_zi)
    __rt_lib_init                            0x10001079   Thumb Code     0  libinit.o(.ARM.Collect$$libinit$$00000000)
    __rt_lib_init_alloca_1                   0x1000107b   Thumb Code     0  libinit2.o(.ARM.Collect$$libinit$$0000002E)
    __rt_lib_init_argv_1                     0x1000107b   Thumb Code     0  libinit2.o(.ARM.Collect$$libinit$$0000002C)
    __rt_lib_init_atexit_1                   0x1000107b   Thumb Code     0  libinit2.o(.ARM.Collect$$libinit$$0000001B)
    __rt_lib_init_clock_1                    0x1000107b   Thumb Code     0  libinit2.o(.ARM.Collect$$libinit$$00000021)
    __rt_lib_init_cpp_1                      0x1000107b   Thumb Code     0  libinit2.o(.ARM.Collect$$libinit$$00000032)
    __rt_lib_init_exceptions_1               0x1000107b   Thumb Code     0  libinit2.o(.ARM.Collect$$libinit$$00000030)
    __rt_lib_init_fp_1                       0x1000107b   Thumb Code     0  libinit2.o(.ARM.Collect$$libinit$$00000002)
    __rt_lib_init_fp_trap_1                  0x1000107b   Thumb Code     0  libinit2.o(.ARM.Collect$$libinit$$0000001F)
    __rt_lib_init_getenv_1                   0x1000107b   Thumb Code     0  libinit2.o(.ARM.Collect$$libinit$$00000023)
    __rt_lib_init_heap_1                     0x1000107b   Thumb Code     0  libinit2.o(.ARM.Collect$$libinit$$0000000A)
    __rt_lib_init_lc_collate_1               0x1000107b   Thumb Code     0  libinit2.o(.ARM.Collect$$libinit$$00000011)
    __rt_lib_init_lc_ctype_1                 0x1000107b   Thumb Code     0  libinit2.o(.ARM.Collect$$libinit$$00000013)
    __rt_lib_init_lc_monetary_1              0x1000107b   Thumb Code     0  libinit2.o(.ARM.Collect$$libinit$$00000015)
    __rt_lib_init_lc_numeric_1               0x1000107b   Thumb Code     0  libinit2.o(.ARM.Collect$$libinit$$00000017)
    __rt_lib_init_lc_time_1                  0x1000107b   Thumb Code     0  libinit2.o(.ARM.Collect$$libinit$$00000019)
    __rt_lib_init_preinit_1                  0x1000107b   Thumb Code     0  libinit2.o(.ARM.Collect$$libinit$$00000004)
    __rt_lib_init_rand_1                     0x1000107b   Thumb Code     0  libinit2.o(.ARM.Collect$$libinit$$0000000E)
    __rt_lib_init_return                     0x1000107b   Thumb Code     0  libinit2.o(.ARM.Collect$$libinit$$00000033)
    __rt_lib_init_signal_1                   0x1000107b   Thumb Code     0  libinit2.o(.ARM.Collect$$libinit$$0000001D)
    __rt_lib_init_stdio_1                    0x1000107b   Thumb Code     0  libinit2.o(.ARM.Collect$$libinit$$00000025)
    __rt_lib_init_user_alloc_1               0x1000107b   Thumb Code     0  libinit2.o(.ARM.Collect$$libinit$$0000000C)
    __rt_lib_shutdown                        0x1000107d   Thumb Code     0  libshutdown.o(.ARM.Collect$$libshutdown$$00000000)
    __rt_lib_shutdown_cpp_1                  0x1000107f   Thumb Code     0  libshutdown2.o(.ARM.Collect$$libshutdown$$00000002)
    __rt_lib_shutdown_fp_trap_1              0x1000107f   Thumb Code     0  libshutdown2.o(.ARM.Collect$$libshutdown$$00000007)
    __rt_lib_shutdown_heap_1                 0x1000107f   Thumb Code     0  libshutdown2.o(.ARM.Collect$$libshutdown$$0000000F)
    __rt_lib_shutdown_return                 0x1000107f   Thumb Code     0  libshutdown2.o(.ARM.Collect$$libshutdown$$00000010)
    __rt_lib_shutdown_signal_1               0x1000107f   Thumb Code     0  libshutdown2.o(.ARM.Collect$$libshutdown$$0000000A)
    __rt_lib_shutdown_stdio_1                0x1000107f   Thumb Code     0  libshutdown2.o(.ARM.Collect$$libshutdown$$00000004)
    __rt_lib_shutdown_user_alloc_1           0x1000107f   Thumb Code     0  libshutdown2.o(.ARM.Collect$$libshutdown$$0000000C)
    __rt_entry                               0x10001081   Thumb Code     0  __rtentry.o(.ARM.Collect$$rtentry$$00000000)
    __rt_entry_presh_1                       0x10001081   Thumb Code     0  __rtentry2.o(.ARM.Collect$$rtentry$$00000002)
    __rt_entry_sh                            0x10001081   Thumb Code     0  __rtentry4.o(.ARM.Collect$$rtentry$$00000004)
    __rt_entry_li                            0x10001087   Thumb Code     0  __rtentry2.o(.ARM.Collect$$rtentry$$0000000A)
    __rt_entry_postsh_1                      0x10001087   Thumb Code     0  __rtentry2.o(.ARM.Collect$$rtentry$$00000009)
    __rt_entry_main                          0x1000108b   Thumb Code     0  __rtentry2.o(.ARM.Collect$$rtentry$$0000000D)
    __rt_entry_postli_1                      0x1000108b   Thumb Code     0  __rtentry2.o(.ARM.Collect$$rtentry$$0000000C)
    __rt_exit                                0x10001093   Thumb Code     0  rtexit.o(.ARM.Collect$$rtexit$$00000000)
    __rt_exit_ls                             0x10001095   Thumb Code     0  rtexit2.o(.ARM.Collect$$rtexit$$00000003)
    __rt_exit_prels_1                        0x10001095   Thumb Code     0  rtexit2.o(.ARM.Collect$$rtexit$$00000002)
    __rt_exit_exit                           0x10001099   Thumb Code     0  rtexit2.o(.ARM.Collect$$rtexit$$00000004)
    Reset_Handler                            0x100010a1   Thumb Code    32  startup_xmc1100.o(.text)
    NMI_Handler                              0x100010c1   Thumb Code     2  startup_xmc1100.o(.text)
    HardFault_Handler                        0x100010c3   Thumb Code     2  startup_xmc1100.o(.text)
    SVC_Handler                              0x100010c5   Thumb Code     2  startup_xmc1100.o(.text)
    PendSV_Handler                           0x100010c7   Thumb Code     2  startup_xmc1100.o(.text)
    BCCU0_0_IRQHandler                       0x100010cb   Thumb Code     0  startup_xmc1100.o(.text)
    CCU40_3_IRQHandler                       0x100010cb   Thumb Code     0  startup_xmc1100.o(.text)
    CCU80_0_IRQHandler                       0x100010cb   Thumb Code     0  startup_xmc1100.o(.text)
    CCU80_1_IRQHandler                       0x100010cb   Thumb Code     0  startup_xmc1100.o(.text)
    ERU0_1_IRQHandler                        0x100010cb   Thumb Code     0  startup_xmc1100.o(.text)
    ERU0_2_IRQHandler                        0x100010cb   Thumb Code     0  startup_xmc1100.o(.text)
    ERU0_3_IRQHandler                        0x100010cb   Thumb Code     0  startup_xmc1100.o(.text)
    LEDTS0_0_IRQHandler                      0x100010cb   Thumb Code     0  startup_xmc1100.o(.text)
    LEDTS1_0_IRQHandler                      0x100010cb   Thumb Code     0  startup_xmc1100.o(.text)
    MATH0_0_IRQHandler                       0x100010cb   Thumb Code     0  startup_xmc1100.o(.text)
    POSIF0_0_IRQHandler                      0x100010cb   Thumb Code     0  startup_xmc1100.o(.text)
    POSIF0_1_IRQHandler                      0x100010cb   Thumb Code     0  startup_xmc1100.o(.text)
    SCU_0_IRQHandler                         0x100010cb   Thumb Code     0  startup_xmc1100.o(.text)
    SCU_1_IRQHandler                         0x100010cb   Thumb Code     0  startup_xmc1100.o(.text)
    SCU_2_IRQHandler                         0x100010cb   Thumb Code     0  startup_xmc1100.o(.text)
    USIC0_0_IRQHandler                       0x100010cb   Thumb Code     0  startup_xmc1100.o(.text)
    USIC0_1_IRQHandler                       0x100010cb   Thumb Code     0  startup_xmc1100.o(.text)
    USIC0_4_IRQHandler                       0x100010cb   Thumb Code     0  startup_xmc1100.o(.text)
    USIC0_5_IRQHandler                       0x100010cb   Thumb Code     0  startup_xmc1100.o(.text)
    VADC0_C0_0_IRQHandler                    0x100010cb   Thumb Code     0  startup_xmc1100.o(.text)
    VADC0_C0_1_IRQHandler                    0x100010cb   Thumb Code     0  startup_xmc1100.o(.text)
    VADC0_G0_0_IRQHandler                    0x100010cb   Thumb Code     0  startup_xmc1100.o(.text)
    VADC0_G0_1_IRQHandler                    0x100010cb   Thumb Code     0  startup_xmc1100.o(.text)
    VADC0_G1_0_IRQHandler                    0x100010cb   Thumb Code     0  startup_xmc1100.o(.text)
    VADC0_G1_1_IRQHandler                    0x100010cb   Thumb Code     0  startup_xmc1100.o(.text)
    SystemInit_DAVE3                         0x100010cd   Thumb Code     4  startup_xmc1100.o(.text)
    AllowClkInitByStartup                    0x100010d1   Thumb Code     4  startup_xmc1100.o(.text)
    __user_initial_stackheap                 0x100010d5   Thumb Code     0  startup_xmc1100.o(.text)
    SystemInit                               0x10001109   Thumb Code     8  system_xmc1100.o(.text)
    SystemCoreClockUpdate                    0x10001111   Thumb Code    76  system_xmc1100.o(.text)
    main                                     0x10001169   Thumb Code    48  main_1.o(.text)
    U0C0_IIC_vWriteData                      0x10001199   Thumb Code    48  datatanrsfer.o(.text)
    U0C0_IIC_uwReadData                      0x100011c9   Thumb Code    48  datatanrsfer.o(.text)
    send_lcd_pack                            0x100011f9   Thumb Code  2264  datatanrsfer.o(.text)
    send_speed_pack                          0x10001ad1   Thumb Code   386  datatanrsfer.o(.text)
    deal_one_pack                            0x10001c53   Thumb Code  3418  datatanrsfer.o(.text)
    manage_one_pack                          0x100029ad   Thumb Code   396  datatanrsfer.o(.text)
    deal_one_pack_down                       0x10002b39   Thumb Code   248  datatanrsfer.o(.text)
    manage_one_down_pack                     0x10002c31   Thumb Code   426  datatanrsfer.o(.text)
    temperature_DS                           0x10002ddb   Thumb Code    70  datatanrsfer.o(.text)
    Send_Turnspeed_pack                      0x10002e21   Thumb Code   130  datatanrsfer.o(.text)
    Ask_Turn_speed                           0x10002ea3   Thumb Code    12  datatanrsfer.o(.text)
    Ask_Error                                0x10002eaf   Thumb Code    12  datatanrsfer.o(.text)
    Ask_Down_data                            0x10002ebb   Thumb Code   172  datatanrsfer.o(.text)
    ERU0_vInit                               0x10002f75   Thumb Code   314  eru0.o(.text)
    ERU0_0_IRQHandler                        0x100030af   Thumb Code   554  eru0.o(.text)
    GPIO                                     0x10003325   Thumb Code    72  gpio.o(.text)
    MCU_vInit                                0x10003371   Thumb Code    82  mcuinit.o(.text)
    SysTick_Handler                          0x100033c3   Thumb Code    48  mcuinit.o(.text)
    UART_0_vInit                             0x10003435   Thumb Code   476  uart.o(.text)
    UART_1_vInit                             0x10003611   Thumb Code   470  uart.o(.text)
    USIC0_2_IRQHandler                       0x100037e7   Thumb Code   194  uart.o(.text)
    USIC0_3_IRQHandler                       0x100038a9   Thumb Code   136  uart.o(.text)
    DealLcdMsg                               0x10003931   Thumb Code    28  uart.o(.text)
    Deal_Down_Msg                            0x1000394d   Thumb Code    28  uart.o(.text)
    U0C0_UART_vSendData                      0x10003969   Thumb Code    34  uart.o(.text)
    U0C0_UART_SendData                       0x1000398b   Thumb Code    34  uart.o(.text)
    U0C0_0_UART_SendData                     0x100039ad   Thumb Code    34  uart.o(.text)
    CRC_CHECK                                0x100039cf   Thumb Code    58  uart.o(.text)
    OutPut_Data                              0x10003a09   Thumb Code    86  uart.o(.text)
    LCD_EE_Init                              0x10003ad1   Thumb Code    26  init.o(.text)
    Lcd_Show_Init                            0x10003aeb   Thumb Code   296  init.o(.text)
    CCU40_0_IRQHandler                       0x10003c2d   Thumb Code    52  timer.o(.text)
    CCU40_1_IRQHandler                       0x10003c61   Thumb Code    52  timer.o(.text)
    CCU4_Init                                0x10003c95   Thumb Code   130  timer.o(.text)
    CCU4_Init1                               0x10003d17   Thumb Code   136  timer.o(.text)
    CCU40_2_IRQHandler                       0x10003d9f   Thumb Code    46  timer.o(.text)
    CCU4_Init2                               0x10003dcd   Thumb Code   138  timer.o(.text)
    DS18B20_Check                            0x10003e71   Thumb Code   112  ds18b20.o(.text)
    DS18B20_Rst                              0x10003ee1   Thumb Code    30  ds18b20.o(.text)
    DS18B20_Init                             0x10003eff   Thumb Code    42  ds18b20.o(.text)
    DS18B20_Read_Bit                         0x10003f29   Thumb Code    64  ds18b20.o(.text)
    DS18B20_Read_Byte                        0x10003f69   Thumb Code    34  ds18b20.o(.text)
    DS18B20_Write_Byte                       0x10003f8b   Thumb Code    76  ds18b20.o(.text)
    DS18B20_Start                            0x10003fd7   Thumb Code    24  ds18b20.o(.text)
    DS18B20_Get_Temp                         0x10003fef   Thumb Code   112  ds18b20.o(.text)
    delay_us                                 0x100040a1   Thumb Code    14  delay.o(.text)
    delay_ms                                 0x100040af   Thumb Code    36  delay.o(.text)
    delay_us_1                               0x100040d3   Thumb Code    18  delay.o(.text)
    delay_us_xmc                             0x100040e5   Thumb Code    20  delay.o(.text)
    WDT_vInit                                0x100040fd   Thumb Code    30  wdt.o(.text)
    WDT_Clear                                0x1000411b   Thumb Code    20  wdt.o(.text)
    AT24CXX_Init                             0x10004141   Thumb Code     8  24cxx.o(.text)
    AT24CXX_ReadOneByte                      0x10004149   Thumb Code    84  24cxx.o(.text)
    AT24CXX_WriteOneByte                     0x1000419d   Thumb Code    76  24cxx.o(.text)
    AT24CXX_WriteLenByte                     0x100041e9   Thumb Code    38  24cxx.o(.text)
    AT24CXX_ReadLenByte                      0x1000420f   Thumb Code    40  24cxx.o(.text)
    AT24CXX_Check                            0x10004237   Thumb Code    46  24cxx.o(.text)
    AT24CXX_Read                             0x10004265   Thumb Code    34  24cxx.o(.text)
    AT24CXX_Write                            0x10004287   Thumb Code    34  24cxx.o(.text)
    IIC_Init                                 0x100042a9   Thumb Code    40  myiic.o(.text)
    IIC_Start                                0x100042d1   Thumb Code    38  myiic.o(.text)
    IIC_Stop                                 0x100042f7   Thumb Code    38  myiic.o(.text)
    IIC_Wait_Ack                             0x1000431d   Thumb Code    64  myiic.o(.text)
    IIC_Ack                                  0x1000435d   Thumb Code    38  myiic.o(.text)
    IIC_NAck                                 0x10004383   Thumb Code    38  myiic.o(.text)
    IIC_Send_Byte                            0x100043a9   Thumb Code    94  myiic.o(.text)
    IIC_Read_Byte                            0x10004407   Thumb Code    78  myiic.o(.text)
    __aeabi_uidiv                            0x100044a9   Thumb Code     0  aeabi_sdiv.o(.text)
    __aeabi_uidivmod                         0x100044a9   Thumb Code    20  aeabi_sdiv.o(.text)
    __aeabi_idiv                             0x100044bd   Thumb Code     0  aeabi_sdiv.o(.text)
    __aeabi_idivmod                          0x100044bd   Thumb Code   326  aeabi_sdiv.o(.text)
    __use_two_region_memory                  0x10004603   Thumb Code     2  heapauxi.o(.text)
    __rt_heap_escrow$2region                 0x10004605   Thumb Code     2  heapauxi.o(.text)
    __rt_heap_expand$2region                 0x10004607   Thumb Code     2  heapauxi.o(.text)
    __aeabi_d2iz                             0x10004609   Thumb Code     0  dfixi.o(.text)
    _dfix                                    0x10004609   Thumb Code    98  dfixi.o(.text)
    __aeabi_i2d_normalise                    0x10004675   Thumb Code    66  dflti.o(.text)
    __aeabi_i2d                              0x100046b7   Thumb Code    16  dflti.o(.text)
    _dflt                                    0x100046b7   Thumb Code     0  dflti.o(.text)
    __aeabi_ui2d                             0x100046c7   Thumb Code     6  dflti.o(.text)
    _dfltu                                   0x100046c7   Thumb Code     0  dflti.o(.text)
    __aeabi_dmul                             0x100046cd   Thumb Code     0  dmul.o(.text)
    _dmul                                    0x100046cd   Thumb Code   558  dmul.o(.text)
    __user_setup_stackheap                   0x10004915   Thumb Code    62  sys_stackheap_outer.o(.text)
    exit                                     0x10004953   Thumb Code    16  exit.o(.text)
    __user_libspace                          0x10004965   Thumb Code     8  libspace.o(.text)
    __user_perproc_libspace                  0x10004965   Thumb Code     0  libspace.o(.text)
    __user_perthread_libspace                0x10004965   Thumb Code     0  libspace.o(.text)
    _sys_exit                                0x1000496d   Thumb Code     8  sys_exit.o(.text)
    __I$use$semihosting                      0x10004979   Thumb Code     0  use_no_semi.o(.text)
    __use_no_semihosting_swi                 0x10004979   Thumb Code     2  use_no_semi.o(.text)
    __decompress                             0x1000497b   Thumb Code     0  __dczerorl2.o(.text)
    __decompress1                            0x1000497b   Thumb Code    86  __dczerorl2.o(.text)
    __semihosting_library_function           0x1000497b   Thumb Code     0  indicate_semi.o(.text)
    __ARM_common_switch8                     0x100049d1   Thumb Code    28  datatanrsfer.o(i.__ARM_common_switch8)
    Region$$Table$$Base                      0x100049ec   Number         0  anon$$obj.o(Region$$Table)
    __I$use$fp                               0x100049ec   Number         0  usenofp.o(x$fpl$usenofp)
    Region$$Table$$Limit                     0x10004a0c   Number         0  anon$$obj.o(Region$$Table)
    SystemCoreClock                          0x2000017c   Data           4  system_xmc1100.o(.data)
    mixflour_fast                            0x20000180   Data          11  datatanrsfer.o(.data)
    mixflour_slow                            0x2000018b   Data          11  datatanrsfer.o(.data)
    mixflour_keg_fast                        0x20000196   Data          11  datatanrsfer.o(.data)
    mixflour_keg_slow                        0x200001a1   Data          11  datatanrsfer.o(.data)
    no_opera                                 0x200001ac   Data           7  datatanrsfer.o(.data)
    stop                                     0x200001b3   Data           5  datatanrsfer.o(.data)
    Speed_DATA                               0x200001b8   Data           4  datatanrsfer.o(.data)
    temperature                              0x200001bc   Data           1  datatanrsfer.o(.data)
    i                                        0x200001be   Data           2  datatanrsfer.o(.data)
    j                                        0x200001c0   Data           2  datatanrsfer.o(.data)
    CRC16                                    0x200001c4   Data           4  datatanrsfer.o(.data)
    databuf                                  0x200001c8   Data           6  datatanrsfer.o(.data)
    key_number                               0x200001ce   Data           2  datatanrsfer.o(.data)
    Time_data_number                         0x200001d0   Data           7  datatanrsfer.o(.data)
    speed_flag                               0x200001d8   Data           4  datatanrsfer.o(.data)
    slow_flag                                0x200001dc   Data           4  datatanrsfer.o(.data)
    turn_flag                                0x200001e0   Data           4  datatanrsfer.o(.data)
    Now_Num                                  0x200001e4   Data           4  datatanrsfer.o(.data)
    Next_Num                                 0x200001e8   Data           4  datatanrsfer.o(.data)
    page_flag                                0x200001ec   Data           4  datatanrsfer.o(.data)
    motor_flag                               0x200001f0   Data           4  datatanrsfer.o(.data)
    stop_flag                                0x200001f4   Data           4  datatanrsfer.o(.data)
    fast_slow_flag                           0x200001f8   Data           4  datatanrsfer.o(.data)
    start_flag                               0x200001fc   Data           4  datatanrsfer.o(.data)
    stop_new_flag                            0x20000200   Data           4  datatanrsfer.o(.data)
    hook_for                                 0x20000204   Data           4  datatanrsfer.o(.data)
    hook_reverse                             0x20000208   Data           4  datatanrsfer.o(.data)
    tub_start                                0x2000020c   Data           4  datatanrsfer.o(.data)
    tub_reverse                              0x20000210   Data           4  datatanrsfer.o(.data)
    auto_start_flag                          0x20000214   Data           4  datatanrsfer.o(.data)
    auto_stop_new_flag                       0x20000218   Data           4  datatanrsfer.o(.data)
    auto_tub_start                           0x2000021c   Data           4  datatanrsfer.o(.data)
    auto_tub_reverse                         0x20000220   Data           4  datatanrsfer.o(.data)
    mainmotor                                0x20000224   Data           5  datatanrsfer.o(.data)
    assmotor                                 0x20000229   Data           5  datatanrsfer.o(.data)
    timer_num_flag                           0x20000230   Data           4  datatanrsfer.o(.data)
    count                                    0x20000234   Data           4  datatanrsfer.o(.data)
    count_sec                                0x20000238   Data           4  datatanrsfer.o(.data)
    date1flag                                0x2000023c   Data           1  uart.o(.data)
    date1flag_down                           0x2000023d   Data           1  uart.o(.data)
    recev_start                              0x20000240   Data           4  uart.o(.data)
    recev_end                                0x20000244   Data           4  uart.o(.data)
    recev_start_down                         0x20000248   Data           4  uart.o(.data)
    recev_end_down                           0x2000024c   Data           4  uart.o(.data)
    Read_Data                                0x20000250   Data           2  uart.o(.data)
    Data                                     0x20000252   Data           2  uart.o(.data)
    message                                  0x20000254   Data           7  uart.o(.data)
    receive_length                           0x2000025c   Data           4  uart.o(.data)
    receive_length_down                      0x20000260   Data           4  uart.o(.data)
    Test_Data                                0x20000264   Data           1  init.o(.data)
    p                                        0x20000268   Data           4  init.o(.data)
    choose1flag                              0x2000026c   Data           1  init.o(.data)
    choose2flag                              0x2000026d   Data           1  init.o(.data)
    choose3flag                              0x2000026e   Data           1  init.o(.data)
    timehour                                 0x20000270   Data           2  init.o(.data)
    timemin                                  0x20000272   Data           2  init.o(.data)
    timesec                                  0x20000274   Data           2  init.o(.data)
    pretimehour                              0x20000276   Data           2  init.o(.data)
    pretimemin                               0x20000278   Data           2  init.o(.data)
    pretimesec                               0x2000027a   Data           2  init.o(.data)
    pre_turnspeed                            0x2000027c   Data           2  init.o(.data)
    turn_speed4                              0x2000027e   Data           4  init.o(.data)
    ee_flag                                  0x20000282   Data           1  init.o(.data)
    time_ee                                  0x20000283   Data           1  init.o(.data)
    Hand_Read_data                           0x20000284   Data           4  init.o(.data)
    EE_Flag                                  0x20000288   Data           1  init.o(.data)
    ds_text                                  0x2000028c   Data           4  ds18b20.o(.data)
    flag                                     0x20000290   Data           1  ds18b20.o(.data)
    flag_wxt                                 0x20000291   Data           1  ds18b20.o(.data)
    num_addr                                 0x20000292   Data           1  myiic.o(.data)
    USART_RX_BUF                             0x20000294   Data        1024  datatanrsfer.o(.bss)
    USART_RX_BUF_DOWN                        0x20000694   Data        1024  datatanrsfer.o(.bss)
    data                                     0x20000a94   Data          21  datatanrsfer.o(.bss)
    USART_TX_BUF                             0x20000aa9   Data        1024  datatanrsfer.o(.bss)
    EE_ALL_DATA_test                         0x20000ea9   Data         100  datatanrsfer.o(.bss)
    proce_flag                               0x20000f10   Data          20  datatanrsfer.o(.bss)
    Time_Flag                                0x20000f24   Data          24  datatanrsfer.o(.bss)
    proce_number                             0x20000f3c   Data          20  datatanrsfer.o(.bss)
    buf                                      0x20000f50   Data          15  datatanrsfer.o(.bss)
    EE_ReadData                              0x20000f60   Data         256  init.o(.bss)
    EE_WriteData                             0x20001060   Data         256  init.o(.bss)
    EE_WriteData1                            0x20001160   Data         256  init.o(.bss)
    EE_ReadData_16                           0x20001260   Data         512  init.o(.bss)
    Page1_control                            0x20001460   Data          10  init.o(.bss)
    Auto_Read_data                           0x2000146a   Data          10  init.o(.bss)
    __libspace_start                         0x20001474   Data          96  libspace.o(.bss)
    __temporary_stack_top$libspace           0x200014d4   Data           0  libspace.o(.bss)



==============================================================================

Memory Map of the image

  Image Entry point : 0x10001019

  Load Region LR_IROM1 (Base: 0x10001000, Size: 0x00003ca0, Max: 0x00010000, ABSOLUTE, COMPRESSED[0x00003aac])

    Execution Region ER_IROM1 (Base: 0x10001000, Size: 0x00003a0c, Max: 0x00010000, ABSOLUTE)

    Base Addr    Size         Type   Attr      Idx    E Section Name        Object

    0x10001000   0x00000018   Data   RO            3    RESET               startup_xmc1100.o
    0x10001018   0x00000008   Code   RO          482  * !!!main             c_p.l(__main.o)
    0x10001020   0x0000003c   Code   RO          660    !!!scatter          c_p.l(__scatter.o)
    0x1000105c   0x0000001c   Code   RO          662    !!handler_zi        c_p.l(__scatter_zi.o)
    0x10001078   0x00000002   Code   RO          527    .ARM.Collect$$libinit$$00000000  c_p.l(libinit.o)
    0x1000107a   0x00000000   Code   RO          541    .ARM.Collect$$libinit$$00000002  c_p.l(libinit2.o)
    0x1000107a   0x00000000   Code   RO          543    .ARM.Collect$$libinit$$00000004  c_p.l(libinit2.o)
    0x1000107a   0x00000000   Code   RO          546    .ARM.Collect$$libinit$$0000000A  c_p.l(libinit2.o)
    0x1000107a   0x00000000   Code   RO          548    .ARM.Collect$$libinit$$0000000C  c_p.l(libinit2.o)
    0x1000107a   0x00000000   Code   RO          550    .ARM.Collect$$libinit$$0000000E  c_p.l(libinit2.o)
    0x1000107a   0x00000000   Code   RO          553    .ARM.Collect$$libinit$$00000011  c_p.l(libinit2.o)
    0x1000107a   0x00000000   Code   RO          555    .ARM.Collect$$libinit$$00000013  c_p.l(libinit2.o)
    0x1000107a   0x00000000   Code   RO          557    .ARM.Collect$$libinit$$00000015  c_p.l(libinit2.o)
    0x1000107a   0x00000000   Code   RO          559    .ARM.Collect$$libinit$$00000017  c_p.l(libinit2.o)
    0x1000107a   0x00000000   Code   RO          561    .ARM.Collect$$libinit$$00000019  c_p.l(libinit2.o)
    0x1000107a   0x00000000   Code   RO          563    .ARM.Collect$$libinit$$0000001B  c_p.l(libinit2.o)
    0x1000107a   0x00000000   Code   RO          565    .ARM.Collect$$libinit$$0000001D  c_p.l(libinit2.o)
    0x1000107a   0x00000000   Code   RO          567    .ARM.Collect$$libinit$$0000001F  c_p.l(libinit2.o)
    0x1000107a   0x00000000   Code   RO          569    .ARM.Collect$$libinit$$00000021  c_p.l(libinit2.o)
    0x1000107a   0x00000000   Code   RO          571    .ARM.Collect$$libinit$$00000023  c_p.l(libinit2.o)
    0x1000107a   0x00000000   Code   RO          573    .ARM.Collect$$libinit$$00000025  c_p.l(libinit2.o)
    0x1000107a   0x00000000   Code   RO          577    .ARM.Collect$$libinit$$0000002C  c_p.l(libinit2.o)
    0x1000107a   0x00000000   Code   RO          579    .ARM.Collect$$libinit$$0000002E  c_p.l(libinit2.o)
    0x1000107a   0x00000000   Code   RO          581    .ARM.Collect$$libinit$$00000030  c_p.l(libinit2.o)
    0x1000107a   0x00000000   Code   RO          583    .ARM.Collect$$libinit$$00000032  c_p.l(libinit2.o)
    0x1000107a   0x00000002   Code   RO          584    .ARM.Collect$$libinit$$00000033  c_p.l(libinit2.o)
    0x1000107c   0x00000002   Code   RO          615    .ARM.Collect$$libshutdown$$00000000  c_p.l(libshutdown.o)
    0x1000107e   0x00000000   Code   RO          641    .ARM.Collect$$libshutdown$$00000002  c_p.l(libshutdown2.o)
    0x1000107e   0x00000000   Code   RO          643    .ARM.Collect$$libshutdown$$00000004  c_p.l(libshutdown2.o)
    0x1000107e   0x00000000   Code   RO          646    .ARM.Collect$$libshutdown$$00000007  c_p.l(libshutdown2.o)
    0x1000107e   0x00000000   Code   RO          649    .ARM.Collect$$libshutdown$$0000000A  c_p.l(libshutdown2.o)
    0x1000107e   0x00000000   Code   RO          651    .ARM.Collect$$libshutdown$$0000000C  c_p.l(libshutdown2.o)
    0x1000107e   0x00000000   Code   RO          654    .ARM.Collect$$libshutdown$$0000000F  c_p.l(libshutdown2.o)
    0x1000107e   0x00000002   Code   RO          655    .ARM.Collect$$libshutdown$$00000010  c_p.l(libshutdown2.o)
    0x10001080   0x00000000   Code   RO          490    .ARM.Collect$$rtentry$$00000000  c_p.l(__rtentry.o)
    0x10001080   0x00000000   Code   RO          497    .ARM.Collect$$rtentry$$00000002  c_p.l(__rtentry2.o)
    0x10001080   0x00000006   Code   RO          509    .ARM.Collect$$rtentry$$00000004  c_p.l(__rtentry4.o)
    0x10001086   0x00000000   Code   RO          499    .ARM.Collect$$rtentry$$00000009  c_p.l(__rtentry2.o)
    0x10001086   0x00000004   Code   RO          500    .ARM.Collect$$rtentry$$0000000A  c_p.l(__rtentry2.o)
    0x1000108a   0x00000000   Code   RO          502    .ARM.Collect$$rtentry$$0000000C  c_p.l(__rtentry2.o)
    0x1000108a   0x00000008   Code   RO          503    .ARM.Collect$$rtentry$$0000000D  c_p.l(__rtentry2.o)
    0x10001092   0x00000002   Code   RO          532    .ARM.Collect$$rtexit$$00000000  c_p.l(rtexit.o)
    0x10001094   0x00000000   Code   RO          588    .ARM.Collect$$rtexit$$00000002  c_p.l(rtexit2.o)
    0x10001094   0x00000004   Code   RO          589    .ARM.Collect$$rtexit$$00000003  c_p.l(rtexit2.o)
    0x10001098   0x00000006   Code   RO          590    .ARM.Collect$$rtexit$$00000004  c_p.l(rtexit2.o)
    0x1000109e   0x00000002   PAD
    0x100010a0   0x00000068   Code   RO            4    .text               startup_xmc1100.o
    0x10001108   0x00000060   Code   RO           15    .text               system_xmc1100.o
    0x10001168   0x00000030   Code   RO           60    .text               main_1.o
    0x10001198   0x00001ddc   Code   RO          119    .text               datatanrsfer.o
    0x10002f74   0x000003b0   Code   RO          178    .text               eru0.o
    0x10003324   0x0000004c   Code   RO          211    .text               gpio.o
    0x10003370   0x000000c4   Code   RO          234    .text               mcuinit.o
    0x10003434   0x0000069c   Code   RO          264    .text               uart.o
    0x10003ad0   0x0000015c   Code   RO          291    .text               init.o
    0x10003c2c   0x00000244   Code   RO          319    .text               timer.o
    0x10003e70   0x00000230   Code   RO          343    .text               ds18b20.o
    0x100040a0   0x0000005c   Code   RO          372    .text               delay.o
    0x100040fc   0x00000044   Code   RO          398    .text               wdt.o
    0x10004140   0x00000168   Code   RO          424    .text               24cxx.o
    0x100042a8   0x00000200   Code   RO          447    .text               myiic.o
    0x100044a8   0x0000015a   Code   RO          476    .text               c_p.l(aeabi_sdiv.o)
    0x10004602   0x00000006   Code   RO          480    .text               c_p.l(heapauxi.o)
    0x10004608   0x0000006c   Code   RO          484    .text               fz_ps.l(dfixi.o)
    0x10004674   0x00000058   Code   RO          486    .text               fz_ps.l(dflti.o)
    0x100046cc   0x00000248   Code   RO          488    .text               fz_ps.l(dmul.o)
    0x10004914   0x0000003e   Code   RO          513    .text               c_p.l(sys_stackheap_outer.o)
    0x10004952   0x00000010   Code   RO          516    .text               c_p.l(exit.o)
    0x10004962   0x00000002   PAD
    0x10004964   0x00000008   Code   RO          528    .text               c_p.l(libspace.o)
    0x1000496c   0x0000000c   Code   RO          585    .text               c_p.l(sys_exit.o)
    0x10004978   0x00000002   Code   RO          604    .text               c_p.l(use_no_semi.o)
    0x1000497a   0x00000000   Code   RO          606    .text               c_p.l(indicate_semi.o)
    0x1000497a   0x00000056   Code   RO          658    .text               c_p.l(__dczerorl2.o)
    0x100049d0   0x0000001c   Code   RO          138    i.__ARM_common_switch8  datatanrsfer.o
    0x100049ec   0x00000000   Code   RO          495    x$fpl$usenofp       fz_ps.l(usenofp.o)
    0x100049ec   0x00000020   Data   RO          656    Region$$Table       anon$$obj.o


    Execution Region RW_IRAM1 (Base: 0x20000000, Size: 0x00001ad8, Max: 0x00003ffc, ABSOLUTE, COMPRESSED[0x000000a0])

    Base Addr    Size         Type   Attr      Idx    E Section Name        Object

    0x20000000   0x0000017c   Code   RW            5    .ARM.__at_0x20000000  startup_xmc1100.o
    0x2000017c   0x00000004   Data   RW           16    .data               system_xmc1100.o
    0x20000180   0x000000bc   Data   RW          121    .data               datatanrsfer.o
    0x2000023c   0x00000028   Data   RW          265    .data               uart.o
    0x20000264   0x00000025   Data   RW          293    .data               init.o
    0x20000289   0x00000003   PAD
    0x2000028c   0x00000006   Data   RW          344    .data               ds18b20.o
    0x20000292   0x00000001   Data   RW          448    .data               myiic.o
    0x20000293   0x00000001   PAD
    0x20000294   0x00000ccb   Zero   RW          120    .bss                datatanrsfer.o
    0x20000f5f   0x00000001   PAD
    0x20000f60   0x00000514   Zero   RW          292    .bss                init.o
    0x20001474   0x00000060   Zero   RW          529    .bss                c_p.l(libspace.o)
    0x200014d4   0x00000004   PAD
    0x200014d8   0x00000200   Zero   RW            2    HEAP                startup_xmc1100.o
    0x200016d8   0x00000400   Zero   RW            1    STACK               startup_xmc1100.o


==============================================================================

Image component sizes


      Code (inc. data)   RO Data    RW Data    ZI Data      Debug   Object Name

       360          0          0          0          0       2730   24cxx.o
      7672        512          0        188       3275      12407   datatanrsfer.o
        92          4          0          0          0       1132   delay.o
       560         26          0          6          0      14526   ds18b20.o
       944         48          0          0          0      20075   eru0.o
        76          4          0          0          0      12183   gpio.o
       348         26          0         37       1300       2370   init.o
        48          0          0          0          0        415   main_1.o
       196         30          0          0          0      12680   mcuinit.o
       512          8          0          1          0      14171   myiic.o
       484        232         24          0       1536       1036   startup_xmc1100.o
        96         12          0          4          0     142617   system_xmc1100.o
       580         26          0          0          0       1023   timer.o
      1692        134          0         40          0      16255   uart.o
        68         18          0          0          0        474   wdt.o

    ----------------------------------------------------------------------
     13728       1080         56        280       6112     254094   Object Totals
         0          0         32          0          0          0   (incl. Generated)
         0          0          0          4          1          0   (incl. Padding)

    ----------------------------------------------------------------------

      Code (inc. data)   RO Data    RW Data    ZI Data      Debug   Library Member Name

        86          0          0          0          0          0   __dczerorl2.o
         8          0          0          0          0         68   __main.o
         0          0          0          0          0          0   __rtentry.o
        12          0          0          0          0          0   __rtentry2.o
         6          0          0          0          0          0   __rtentry4.o
        60          8          0          0          0          0   __scatter.o
        28          0          0          0          0          0   __scatter_zi.o
       346          0          0          0          0         92   aeabi_sdiv.o
        16          0          0          0          0         68   exit.o
         6          0          0          0          0        136   heapauxi.o
         0          0          0          0          0          0   indicate_semi.o
         2          0          0          0          0          0   libinit.o
         2          0          0          0          0          0   libinit2.o
         2          0          0          0          0          0   libshutdown.o
         2          0          0          0          0          0   libshutdown2.o
         8          4          0          0         96         68   libspace.o
         2          0          0          0          0          0   rtexit.o
        10          0          0          0          0          0   rtexit2.o
        12          4          0          0          0         60   sys_exit.o
        62          0          0          0          0         80   sys_stackheap_outer.o
         2          0          0          0          0         68   use_no_semi.o
       108         10          0          0          0         72   dfixi.o
        88          0          0          0          0         92   dflti.o
       584         26          0          0          0         84   dmul.o
         0          0          0          0          0          0   usenofp.o

    ----------------------------------------------------------------------
      1456         52          0          0        100        888   Library Totals
         4          0          0          0          4          0   (incl. Padding)

    ----------------------------------------------------------------------

      Code (inc. data)   RO Data    RW Data    ZI Data      Debug   Library Name

       672         16          0          0         96        640   c_p.l
       780         36          0          0          0        248   fz_ps.l

    ----------------------------------------------------------------------
      1456         52          0          0        100        888   Library Totals

    ----------------------------------------------------------------------

==============================================================================


      Code (inc. data)   RO Data    RW Data    ZI Data      Debug   

     15184       1132         56        280       6212     253874   Grand Totals
     15184       1132         56        160       6212     253874   ELF Image Totals (compressed)
     15184       1132         56        160          0          0   ROM Totals

==============================================================================

    Total RO  Size (Code + RO Data)                15240 (  14.88kB)
    Total RW  Size (RW Data + ZI Data)              6492 (   6.34kB)
    Total ROM Size (Code + RO Data + RW Data)      15400 (  15.04kB)

==============================================================================

