<html>
<body>
<pre>
<h1>µVision Build Log</h1>
<h2>Tool Versions:</h2>
IDE-Version: ¦ÌVision V5.22.0.0
Copyright (C) 2016 ARM Ltd and ARM Germany GmbH. All rights reserved.
License Information: wxt tao, wxt, LIC=3UUII-TPLEX-EZ1WX-HXK2U-LK2DP-S2BZQ
 
Tool Versions:
Toolchain:       MDK-ARM Professional  Version: 5.22
Toolchain Path:  D:\keil5\ARM\ARMCC\Bin
C Compiler:      Armcc.exe V5.06 update 4 (build 422)
Assembler:       Armasm.exe V5.06 update 4 (build 422)
Linker/Locator:  ArmLink.exe V5.06 update 4 (build 422)
Library Manager: ArmAr.exe V5.06 update 4 (build 422)
Hex Converter:   FromElf.exe V5.06 update 4 (build 422)
CPU DLL:         SARMCM3.DLL V5.22
Dialog DLL:      DARMCM1.DLL V1.15.0.0
Target DLL:      Segger\JL2CM3.dll V2.99.23.0
Dialog DLL:      TARMCM1.DLL V1.11.0.0
 
<h2>Project:</h2>
C:\Users\wxt\Desktop\doughmaker0427\Keil_XMC1100_UART_1302.uvprojx
Project File Date:  10/25/2017

<h2>Output:</h2>
*** Using Compiler 'V5.06 update 4 (build 422)', folder: 'D:\keil5\ARM\ARMCC\Bin'
Build target 'Keil_XMC1100_UART_1302'
compiling datatanrsfer.c...
MCUINIT\datatanrsfer.c(287): warning:  #177-D: variable "i"  was declared but never referenced
  	u8  hx5,ty1,ty2,i,hx2;
MCUINIT\datatanrsfer.c(287): warning:  #177-D: variable "hx2"  was declared but never referenced
  	u8  hx5,ty1,ty2,i,hx2;
MCUINIT\datatanrsfer.c(939): warning:  #177-D: variable "ty1"  was declared but never referenced
  	u8  hx5,ty1,ty2,i,hx2;
MCUINIT\datatanrsfer.c(939): warning:  #177-D: variable "ty2"  was declared but never referenced
  	u8  hx5,ty1,ty2,i,hx2;
MCUINIT\datatanrsfer.c(939): warning:  #177-D: variable "hx2"  was declared but never referenced
  	u8  hx5,ty1,ty2,i,hx2;
MCUINIT\datatanrsfer.c(940): warning:  #177-D: variable "hx1"  was declared but never referenced
  	u16 hx1;
MCUINIT\datatanrsfer.c(1737): warning:  #177-D: variable "wxt_low"  was declared but never referenced
  			 u8 wxt_low;
MCUINIT\datatanrsfer.c(1907): warning:  #1-D: last line of file ends without a newline
  }
MCUINIT\datatanrsfer.c: 8 warnings, 0 errors
linking...
Program Size: Code=15184 RO-data=56 RW-data=280 ZI-data=6212  
FromELF: creating hex file...
".\Debug\Keil_XMC1100_UART_1302.axf" - 0 Error(s), 8 Warning(s).

<h2>Software Packages used:</h2>

Package Vendor: ARM
                http://www.keil.com/pack/ARM.CMSIS.5.0.1.pack
                ARM::CMSIS:CORE:5.0.1
                CMSIS (Cortex Microcontroller Software Interface Standard)
   * Component: CORE Version: 5.0.1

<h2>Collection of Component include folders:</h2>
  C:\Users\wxt\Desktop\doughmaker0427\RTE\_Keil_XMC1100_UART_1302
  D:\keil5\ARM\PACK\ARM\CMSIS\5.0.1\CMSIS\Include
  D:\keil5\ARM\PACK\Infineon\XMC1000_DFP\2.5.1\Device\XMC1100_series\Include

<h2>Collection of Component Files used:</h2>

   * Component: ARM::CMSIS:CORE:5.0.1
Build Time Elapsed:  00:00:01
</pre>
</body>
</html>
